[2025-04-25T21:44:41.965-0400][gc,init] CardTable entry size: 512
[2025-04-25T21:44:41.965-0400][gc     ] Using G1
[2025-04-25T21:44:41.966-0400][gc,init] Version: 20.0.2+9 (release)
[2025-04-25T21:44:41.966-0400][gc,init] CPUs: 8 total, 8 available
[2025-04-25T21:44:41.966-0400][gc,init] Memory: 16384M
[2025-04-25T21:44:41.966-0400][gc,init] Large Page Support: Disabled
[2025-04-25T21:44:41.966-0400][gc,init] NUMA Support: Disabled
[2025-04-25T21:44:41.966-0400][gc,init] Compressed Oops: Enabled (Zero based)
[2025-04-25T21:44:41.966-0400][gc,init] Heap Region Size: 1M
[2025-04-25T21:44:41.966-0400][gc,init] Heap Min Capacity: 1G
[2025-04-25T21:44:41.966-0400][gc,init] Heap Initial Capacity: 1G
[2025-04-25T21:44:41.966-0400][gc,init] Heap Max Capacity: 1G
[2025-04-25T21:44:41.966-0400][gc,init] Pre-touch: Disabled
[2025-04-25T21:44:41.966-0400][gc,init] Parallel Workers: 8
[2025-04-25T21:44:41.966-0400][gc,init] Concurrent Workers: 2
[2025-04-25T21:44:41.966-0400][gc,init] Concurrent Refinement Workers: 8
[2025-04-25T21:44:41.966-0400][gc,init] Periodic GC: Disabled
[2025-04-25T21:44:41.970-0400][gc,metaspace] CDS archive(s) mapped at: [0x0000000600000000-0x0000000600c80000-0x0000000600c80000), size 13107200, SharedBaseAddress: 0x0000000600000000, ArchiveRelocationMode: 1.
[2025-04-25T21:44:41.970-0400][gc,metaspace] Compressed class space mapped at: 0x0000000601000000-0x0000000641000000, reserved size: 1073741824
[2025-04-25T21:44:41.970-0400][gc,metaspace] Narrow klass base: 0x0000000600000000, Narrow klass shift: 0, Narrow klass range: 0x100000000
[2025-04-25T21:44:42.576-0400][gc,start    ] GC(0) Pause Young (Normal) (G1 Evacuation Pause)
[2025-04-25T21:44:42.577-0400][gc,task     ] GC(0) Using 8 workers of 8 for evacuation
[2025-04-25T21:44:42.580-0400][gc,phases   ] GC(0)   Pre Evacuate Collection Set: 0.2ms
[2025-04-25T21:44:42.580-0400][gc,phases   ] GC(0)   Merge Heap Roots: 0.1ms
[2025-04-25T21:44:42.580-0400][gc,phases   ] GC(0)   Evacuate Collection Set: 2.9ms
[2025-04-25T21:44:42.580-0400][gc,phases   ] GC(0)   Post Evacuate Collection Set: 0.4ms
[2025-04-25T21:44:42.581-0400][gc,phases   ] GC(0)   Other: 0.3ms
[2025-04-25T21:44:42.581-0400][gc,heap     ] GC(0) Eden regions: 51->0(44)
[2025-04-25T21:44:42.581-0400][gc,heap     ] GC(0) Survivor regions: 0->7(7)
[2025-04-25T21:44:42.581-0400][gc,heap     ] GC(0) Old regions: 0->2
[2025-04-25T21:44:42.581-0400][gc,heap     ] GC(0) Archive regions: 2->2
[2025-04-25T21:44:42.581-0400][gc,heap     ] GC(0) Humongous regions: 4->4
[2025-04-25T21:44:42.581-0400][gc,metaspace] GC(0) Metaspace: 17370K(17536K)->17370K(17536K) NonClass: 15333K(15424K)->15333K(15424K) Class: 2037K(2112K)->2037K(2112K)
[2025-04-25T21:44:42.581-0400][gc          ] GC(0) Pause Young (Normal) (G1 Evacuation Pause) 56M->13M(1024M) 4.104ms
[2025-04-25T21:44:42.581-0400][gc,cpu      ] GC(0) User=0.01s Sys=0.00s Real=0.01s
[2025-04-25T21:44:42.701-0400][gc,start    ] GC(1) Pause Young (Concurrent Start) (Metadata GC Threshold)
[2025-04-25T21:44:42.701-0400][gc,task     ] GC(1) Using 8 workers of 8 for evacuation
[2025-04-25T21:44:42.704-0400][gc,phases   ] GC(1)   Pre Evacuate Collection Set: 0.2ms
[2025-04-25T21:44:42.704-0400][gc,phases   ] GC(1)   Merge Heap Roots: 0.0ms
[2025-04-25T21:44:42.704-0400][gc,phases   ] GC(1)   Evacuate Collection Set: 2.8ms
[2025-04-25T21:44:42.704-0400][gc,phases   ] GC(1)   Post Evacuate Collection Set: 0.2ms
[2025-04-25T21:44:42.704-0400][gc,phases   ] GC(1)   Other: 0.0ms
[2025-04-25T21:44:42.704-0400][gc,heap     ] GC(1) Eden regions: 16->0(50)
[2025-04-25T21:44:42.704-0400][gc,heap     ] GC(1) Survivor regions: 7->1(7)
[2025-04-25T21:44:42.704-0400][gc,heap     ] GC(1) Old regions: 2->9
[2025-04-25T21:44:42.704-0400][gc,heap     ] GC(1) Archive regions: 2->2
[2025-04-25T21:44:42.704-0400][gc,heap     ] GC(1) Humongous regions: 4->4
[2025-04-25T21:44:42.704-0400][gc,metaspace] GC(1) Metaspace: 21267K(21504K)->21267K(21504K) NonClass: 18747K(18880K)->18747K(18880K) Class: 2520K(2624K)->2520K(2624K)
[2025-04-25T21:44:42.704-0400][gc          ] GC(1) Pause Young (Concurrent Start) (Metadata GC Threshold) 29M->14M(1024M) 3.454ms
[2025-04-25T21:44:42.705-0400][gc          ] GC(2) Concurrent Mark Cycle
[2025-04-25T21:44:42.705-0400][gc,cpu      ] GC(1) User=0.01s Sys=0.01s Real=0.00s
[2025-04-25T21:44:42.705-0400][gc,marking  ] GC(2) Concurrent Scan Root Regions
[2025-04-25T21:44:42.707-0400][gc,marking  ] GC(2) Concurrent Scan Root Regions 2.226ms
[2025-04-25T21:44:42.707-0400][gc,marking  ] GC(2) Concurrent Mark
[2025-04-25T21:44:42.707-0400][gc,marking  ] GC(2) Concurrent Mark From Roots
[2025-04-25T21:44:42.707-0400][gc,task     ] GC(2) Using 2 workers of 2 for marking
[2025-04-25T21:44:42.709-0400][gc,marking  ] GC(2) Concurrent Mark From Roots 2.284ms
[2025-04-25T21:44:42.709-0400][gc,marking  ] GC(2) Concurrent Preclean
[2025-04-25T21:44:42.709-0400][gc,marking  ] GC(2) Concurrent Preclean 0.009ms
[2025-04-25T21:44:42.709-0400][gc,start    ] GC(2) Pause Remark
[2025-04-25T21:44:42.711-0400][gc          ] GC(2) Pause Remark 15M->15M(1024M) 1.134ms
[2025-04-25T21:44:42.711-0400][gc,cpu      ] GC(2) User=0.01s Sys=0.00s Real=0.01s
[2025-04-25T21:44:42.711-0400][gc,marking  ] GC(2) Concurrent Mark 3.631ms
[2025-04-25T21:44:42.711-0400][gc,marking  ] GC(2) Concurrent Rebuild Remembered Sets and Scrub Regions
[2025-04-25T21:44:42.711-0400][gc,marking  ] GC(2) Concurrent Rebuild Remembered Sets and Scrub Regions 0.510ms
[2025-04-25T21:44:42.711-0400][gc,start    ] GC(2) Pause Cleanup
[2025-04-25T21:44:42.711-0400][gc          ] GC(2) Pause Cleanup 16M->16M(1024M) 0.027ms
[2025-04-25T21:44:42.711-0400][gc,cpu      ] GC(2) User=0.00s Sys=0.00s Real=0.00s
[2025-04-25T21:44:42.711-0400][gc,marking  ] GC(2) Concurrent Clear Claimed Marks
[2025-04-25T21:44:42.711-0400][gc,marking  ] GC(2) Concurrent Clear Claimed Marks 0.019ms
[2025-04-25T21:44:42.711-0400][gc,marking  ] GC(2) Concurrent Cleanup for Next Mark
[2025-04-25T21:44:42.713-0400][gc,marking  ] GC(2) Concurrent Cleanup for Next Mark 1.970ms
[2025-04-25T21:44:42.713-0400][gc          ] GC(2) Concurrent Mark Cycle 8.612ms
[2025-04-25T21:44:43.133-0400][gc,start    ] GC(3) Pause Young (Normal) (G1 Evacuation Pause)
[2025-04-25T21:44:43.133-0400][gc,task     ] GC(3) Using 8 workers of 8 for evacuation
[2025-04-25T21:44:43.135-0400][gc,phases   ] GC(3)   Pre Evacuate Collection Set: 0.1ms
[2025-04-25T21:44:43.135-0400][gc,phases   ] GC(3)   Merge Heap Roots: 0.0ms
[2025-04-25T21:44:43.135-0400][gc,phases   ] GC(3)   Evacuate Collection Set: 1.9ms
[2025-04-25T21:44:43.135-0400][gc,phases   ] GC(3)   Post Evacuate Collection Set: 0.3ms
[2025-04-25T21:44:43.135-0400][gc,phases   ] GC(3)   Other: 0.0ms
[2025-04-25T21:44:43.135-0400][gc,heap     ] GC(3) Eden regions: 50->0(45)
[2025-04-25T21:44:43.135-0400][gc,heap     ] GC(3) Survivor regions: 1->6(7)
[2025-04-25T21:44:43.135-0400][gc,heap     ] GC(3) Old regions: 9->9
[2025-04-25T21:44:43.135-0400][gc,heap     ] GC(3) Archive regions: 2->2
[2025-04-25T21:44:43.135-0400][gc,heap     ] GC(3) Humongous regions: 133->133
[2025-04-25T21:44:43.135-0400][gc,metaspace] GC(3) Metaspace: 31500K(31808K)->31500K(31808K) NonClass: 28033K(28224K)->28033K(28224K) Class: 3466K(3584K)->3466K(3584K)
[2025-04-25T21:44:43.135-0400][gc          ] GC(3) Pause Young (Normal) (G1 Evacuation Pause) 193M->148M(1024M) 2.596ms
[2025-04-25T21:44:43.135-0400][gc,cpu      ] GC(3) User=0.01s Sys=0.00s Real=0.00s
[2025-04-25T21:44:43.262-0400][gc,start    ] GC(4) Pause Young (Concurrent Start) (Metadata GC Threshold)
[2025-04-25T21:44:43.263-0400][gc,task     ] GC(4) Using 8 workers of 8 for evacuation
[2025-04-25T21:44:43.267-0400][gc,phases   ] GC(4)   Pre Evacuate Collection Set: 0.1ms
[2025-04-25T21:44:43.267-0400][gc,phases   ] GC(4)   Merge Heap Roots: 0.0ms
[2025-04-25T21:44:43.267-0400][gc,phases   ] GC(4)   Evacuate Collection Set: 3.9ms
[2025-04-25T21:44:43.267-0400][gc,phases   ] GC(4)   Post Evacuate Collection Set: 0.3ms
[2025-04-25T21:44:43.267-0400][gc,phases   ] GC(4)   Other: 0.1ms
[2025-04-25T21:44:43.267-0400][gc,heap     ] GC(4) Eden regions: 18->0(48)
[2025-04-25T21:44:43.267-0400][gc,heap     ] GC(4) Survivor regions: 6->3(7)
[2025-04-25T21:44:43.267-0400][gc,heap     ] GC(4) Old regions: 9->15
[2025-04-25T21:44:43.267-0400][gc,heap     ] GC(4) Archive regions: 2->2
[2025-04-25T21:44:43.267-0400][gc,heap     ] GC(4) Humongous regions: 133->133
[2025-04-25T21:44:43.267-0400][gc,metaspace] GC(4) Metaspace: 35667K(35968K)->35667K(35968K) NonClass: 31786K(31936K)->31786K(31936K) Class: 3880K(4032K)->3880K(4032K)
[2025-04-25T21:44:43.267-0400][gc          ] GC(4) Pause Young (Concurrent Start) (Metadata GC Threshold) 166M->150M(1024M) 4.802ms
[2025-04-25T21:44:43.267-0400][gc          ] GC(5) Concurrent Mark Cycle
[2025-04-25T21:44:43.267-0400][gc,cpu      ] GC(4) User=0.01s Sys=0.00s Real=0.00s
[2025-04-25T21:44:43.267-0400][gc,marking  ] GC(5) Concurrent Scan Root Regions
[2025-04-25T21:44:43.269-0400][gc,marking  ] GC(5) Concurrent Scan Root Regions 1.739ms
[2025-04-25T21:44:43.269-0400][gc,marking  ] GC(5) Concurrent Mark
[2025-04-25T21:44:43.269-0400][gc,marking  ] GC(5) Concurrent Mark From Roots
[2025-04-25T21:44:43.269-0400][gc,task     ] GC(5) Using 2 workers of 2 for marking
[2025-04-25T21:44:43.280-0400][gc,marking  ] GC(5) Concurrent Mark From Roots 10.982ms
[2025-04-25T21:44:43.280-0400][gc,marking  ] GC(5) Concurrent Preclean
[2025-04-25T21:44:43.280-0400][gc,marking  ] GC(5) Concurrent Preclean 0.065ms
[2025-04-25T21:44:43.280-0400][gc,start    ] GC(5) Pause Remark
[2025-04-25T21:44:43.282-0400][gc          ] GC(5) Pause Remark 152M->152M(1024M) 2.034ms
[2025-04-25T21:44:43.282-0400][gc,cpu      ] GC(5) User=0.00s Sys=0.00s Real=0.00s
[2025-04-25T21:44:43.285-0400][gc,marking  ] GC(5) Concurrent Mark 16.051ms
[2025-04-25T21:44:43.285-0400][gc,marking  ] GC(5) Concurrent Rebuild Remembered Sets and Scrub Regions
[2025-04-25T21:44:43.288-0400][gc,marking  ] GC(5) Concurrent Rebuild Remembered Sets and Scrub Regions 3.270ms
[2025-04-25T21:44:43.289-0400][gc,start    ] GC(5) Pause Cleanup
[2025-04-25T21:44:43.289-0400][gc          ] GC(5) Pause Cleanup 152M->152M(1024M) 0.088ms
[2025-04-25T21:44:43.289-0400][gc,cpu      ] GC(5) User=0.00s Sys=0.00s Real=0.00s
[2025-04-25T21:44:43.289-0400][gc,marking  ] GC(5) Concurrent Clear Claimed Marks
[2025-04-25T21:44:43.289-0400][gc,marking  ] GC(5) Concurrent Clear Claimed Marks 0.108ms
[2025-04-25T21:44:43.289-0400][gc,marking  ] GC(5) Concurrent Cleanup for Next Mark
[2025-04-25T21:44:43.292-0400][gc,marking  ] GC(5) Concurrent Cleanup for Next Mark 3.428ms
[2025-04-25T21:44:43.292-0400][gc          ] GC(5) Concurrent Mark Cycle 25.160ms
[2025-04-25T21:45:52.139-0400][gc,start    ] GC(6) Pause Young (Prepare Mixed) (G1 Evacuation Pause)
[2025-04-25T21:45:52.139-0400][gc,task     ] GC(6) Using 8 workers of 8 for evacuation
[2025-04-25T21:45:52.144-0400][gc,phases   ] GC(6)   Pre Evacuate Collection Set: 0.2ms
[2025-04-25T21:45:52.144-0400][gc,phases   ] GC(6)   Merge Heap Roots: 0.1ms
[2025-04-25T21:45:52.144-0400][gc,phases   ] GC(6)   Evacuate Collection Set: 4.1ms
[2025-04-25T21:45:52.144-0400][gc,phases   ] GC(6)   Post Evacuate Collection Set: 0.4ms
[2025-04-25T21:45:52.144-0400][gc,phases   ] GC(6)   Other: 0.1ms
[2025-04-25T21:45:52.144-0400][gc,heap     ] GC(6) Eden regions: 48->0(46)
[2025-04-25T21:45:52.144-0400][gc,heap     ] GC(6) Survivor regions: 3->5(7)
[2025-04-25T21:45:52.144-0400][gc,heap     ] GC(6) Old regions: 15->15
[2025-04-25T21:45:52.144-0400][gc,heap     ] GC(6) Archive regions: 2->2
[2025-04-25T21:45:52.144-0400][gc,heap     ] GC(6) Humongous regions: 175->133
[2025-04-25T21:45:52.144-0400][gc,metaspace] GC(6) Metaspace: 43562K(44288K)->43562K(44288K) NonClass: 38295K(38720K)->38295K(38720K) Class: 5266K(5568K)->5266K(5568K)
[2025-04-25T21:45:52.144-0400][gc          ] GC(6) Pause Young (Prepare Mixed) (G1 Evacuation Pause) 240M->153M(1024M) 5.273ms
[2025-04-25T21:45:52.144-0400][gc,cpu      ] GC(6) User=0.01s Sys=0.01s Real=0.01s
[2025-04-25T21:53:51.421-0400][gc,start    ] GC(7) Pause Young (Mixed) (G1 Evacuation Pause)
[2025-04-25T21:53:51.425-0400][gc,task     ] GC(7) Using 8 workers of 8 for evacuation
[2025-04-25T21:53:51.448-0400][gc,mmu      ] GC(7) MMU target violated: 21.0ms (20.0ms/21.0ms)
[2025-04-25T21:53:51.449-0400][gc,phases   ] GC(7)   Pre Evacuate Collection Set: 1.1ms
[2025-04-25T21:53:51.449-0400][gc,phases   ] GC(7)   Merge Heap Roots: 0.9ms
[2025-04-25T21:53:51.449-0400][gc,phases   ] GC(7)   Evacuate Collection Set: 20.9ms
[2025-04-25T21:53:51.449-0400][gc,phases   ] GC(7)   Post Evacuate Collection Set: 0.5ms
[2025-04-25T21:53:51.449-0400][gc,phases   ] GC(7)   Other: 0.4ms
[2025-04-25T21:53:51.449-0400][gc,heap     ] GC(7) Eden regions: 46->0(45)
[2025-04-25T21:53:51.449-0400][gc,heap     ] GC(7) Survivor regions: 5->6(7)
[2025-04-25T21:53:51.449-0400][gc,heap     ] GC(7) Old regions: 15->16
[2025-04-25T21:53:51.449-0400][gc,heap     ] GC(7) Archive regions: 2->2
[2025-04-25T21:53:51.449-0400][gc,heap     ] GC(7) Humongous regions: 133->133
[2025-04-25T21:53:51.449-0400][gc,metaspace] GC(7) Metaspace: 44951K(45632K)->44951K(45632K) NonClass: 39601K(40000K)->39601K(40000K) Class: 5349K(5632K)->5349K(5632K)
[2025-04-25T21:53:51.449-0400][gc          ] GC(7) Pause Young (Mixed) (G1 Evacuation Pause) 199M->154M(1024M) 27.614ms
[2025-04-25T21:53:51.449-0400][gc,cpu      ] GC(7) User=0.02s Sys=0.01s Real=0.02s
[2025-04-25T22:00:06.730-0400][gc,start    ] GC(8) Pause Young (Normal) (G1 Evacuation Pause)
[2025-04-25T22:00:06.731-0400][gc,task     ] GC(8) Using 8 workers of 8 for evacuation
[2025-04-25T22:00:06.738-0400][gc,phases   ] GC(8)   Pre Evacuate Collection Set: 0.5ms
[2025-04-25T22:00:06.738-0400][gc,phases   ] GC(8)   Merge Heap Roots: 0.1ms
[2025-04-25T22:00:06.738-0400][gc,phases   ] GC(8)   Evacuate Collection Set: 5.3ms
[2025-04-25T22:00:06.738-0400][gc,phases   ] GC(8)   Post Evacuate Collection Set: 0.4ms
[2025-04-25T22:00:06.738-0400][gc,phases   ] GC(8)   Other: 0.1ms
[2025-04-25T22:00:06.738-0400][gc,heap     ] GC(8) Eden regions: 45->0(48)
[2025-04-25T22:00:06.738-0400][gc,heap     ] GC(8) Survivor regions: 6->3(7)
[2025-04-25T22:00:06.738-0400][gc,heap     ] GC(8) Old regions: 16->19
[2025-04-25T22:00:06.738-0400][gc,heap     ] GC(8) Archive regions: 2->2
[2025-04-25T22:00:06.738-0400][gc,heap     ] GC(8) Humongous regions: 133->133
[2025-04-25T22:00:06.738-0400][gc,metaspace] GC(8) Metaspace: 45167K(45888K)->45167K(45888K) NonClass: 39801K(40192K)->39801K(40192K) Class: 5366K(5696K)->5366K(5696K)
[2025-04-25T22:00:06.738-0400][gc          ] GC(8) Pause Young (Normal) (G1 Evacuation Pause) 199M->155M(1024M) 7.729ms
[2025-04-25T22:00:06.738-0400][gc,cpu      ] GC(8) User=0.02s Sys=0.02s Real=0.00s
[2025-04-25T22:07:32.349-0400][gc,start    ] GC(9) Pause Young (Normal) (G1 Evacuation Pause)
[2025-04-25T22:07:32.350-0400][gc,task     ] GC(9) Using 8 workers of 8 for evacuation
[2025-04-25T22:07:32.365-0400][gc,phases   ] GC(9)   Pre Evacuate Collection Set: 1.1ms
[2025-04-25T22:07:32.365-0400][gc,phases   ] GC(9)   Merge Heap Roots: 0.2ms
[2025-04-25T22:07:32.365-0400][gc,phases   ] GC(9)   Evacuate Collection Set: 13.3ms
[2025-04-25T22:07:32.365-0400][gc,phases   ] GC(9)   Post Evacuate Collection Set: 0.5ms
[2025-04-25T22:07:32.365-0400][gc,phases   ] GC(9)   Other: 0.2ms
[2025-04-25T22:07:32.365-0400][gc,heap     ] GC(9) Eden regions: 48->0(48)
[2025-04-25T22:07:32.365-0400][gc,heap     ] GC(9) Survivor regions: 3->3(7)
[2025-04-25T22:07:32.365-0400][gc,heap     ] GC(9) Old regions: 19->19
[2025-04-25T22:07:32.365-0400][gc,heap     ] GC(9) Archive regions: 2->2
[2025-04-25T22:07:32.365-0400][gc,heap     ] GC(9) Humongous regions: 133->133
[2025-04-25T22:07:32.365-0400][gc,metaspace] GC(9) Metaspace: 45323K(46016K)->45323K(46016K) NonClass: 39957K(40320K)->39957K(40320K) Class: 5366K(5696K)->5366K(5696K)
[2025-04-25T22:07:32.365-0400][gc          ] GC(9) Pause Young (Normal) (G1 Evacuation Pause) 203M->155M(1024M) 15.872ms
[2025-04-25T22:07:32.365-0400][gc,cpu      ] GC(9) User=0.02s Sys=0.01s Real=0.02s
[2025-04-25T22:15:13.441-0400][gc,start    ] GC(10) Pause Young (Normal) (G1 Evacuation Pause)
[2025-04-25T22:15:13.442-0400][gc,task     ] GC(10) Using 8 workers of 8 for evacuation
[2025-04-25T22:15:13.462-0400][gc,mmu      ] GC(10) MMU target violated: 20.4ms (20.0ms/21.0ms)
[2025-04-25T22:15:13.462-0400][gc,phases   ] GC(10)   Pre Evacuate Collection Set: 1.2ms
[2025-04-25T22:15:13.462-0400][gc,phases   ] GC(10)   Merge Heap Roots: 0.2ms
[2025-04-25T22:15:13.462-0400][gc,phases   ] GC(10)   Evacuate Collection Set: 18.3ms
[2025-04-25T22:15:13.462-0400][gc,phases   ] GC(10)   Post Evacuate Collection Set: 0.5ms
[2025-04-25T22:15:13.462-0400][gc,phases   ] GC(10)   Other: 0.4ms
[2025-04-25T22:15:13.462-0400][gc,heap     ] GC(10) Eden regions: 48->0(48)
[2025-04-25T22:15:13.462-0400][gc,heap     ] GC(10) Survivor regions: 3->3(7)
[2025-04-25T22:15:13.462-0400][gc,heap     ] GC(10) Old regions: 19->19
[2025-04-25T22:15:13.462-0400][gc,heap     ] GC(10) Archive regions: 2->2
[2025-04-25T22:15:13.462-0400][gc,heap     ] GC(10) Humongous regions: 133->133
[2025-04-25T22:15:13.462-0400][gc,metaspace] GC(10) Metaspace: 45435K(46208K)->45435K(46208K) NonClass: 40069K(40512K)->40069K(40512K) Class: 5366K(5696K)->5366K(5696K)
[2025-04-25T22:15:13.463-0400][gc          ] GC(10) Pause Young (Normal) (G1 Evacuation Pause) 203M->155M(1024M) 21.707ms
[2025-04-25T22:15:13.463-0400][gc,cpu      ] GC(10) User=0.02s Sys=0.03s Real=0.02s
[2025-04-25T22:23:03.745-0400][gc,start    ] GC(11) Pause Young (Normal) (G1 Evacuation Pause)
[2025-04-25T22:23:03.747-0400][gc,task     ] GC(11) Using 8 workers of 8 for evacuation
[2025-04-25T22:23:03.764-0400][gc,phases   ] GC(11)   Pre Evacuate Collection Set: 1.3ms
[2025-04-25T22:23:03.764-0400][gc,phases   ] GC(11)   Merge Heap Roots: 0.6ms
[2025-04-25T22:23:03.764-0400][gc,phases   ] GC(11)   Evacuate Collection Set: 15.0ms
[2025-04-25T22:23:03.764-0400][gc,phases   ] GC(11)   Post Evacuate Collection Set: 0.4ms
[2025-04-25T22:23:03.764-0400][gc,phases   ] GC(11)   Other: 0.2ms
[2025-04-25T22:23:03.764-0400][gc,heap     ] GC(11) Eden regions: 48->0(48)
[2025-04-25T22:23:03.764-0400][gc,heap     ] GC(11) Survivor regions: 3->3(7)
[2025-04-25T22:23:03.764-0400][gc,heap     ] GC(11) Old regions: 19->19
[2025-04-25T22:23:03.764-0400][gc,heap     ] GC(11) Archive regions: 2->2
[2025-04-25T22:23:03.764-0400][gc,heap     ] GC(11) Humongous regions: 133->133
[2025-04-25T22:23:03.764-0400][gc,metaspace] GC(11) Metaspace: 45590K(46336K)->45590K(46336K) NonClass: 40224K(40640K)->40224K(40640K) Class: 5366K(5696K)->5366K(5696K)
[2025-04-25T22:23:03.765-0400][gc          ] GC(11) Pause Young (Normal) (G1 Evacuation Pause) 203M->155M(1024M) 19.869ms
[2025-04-25T22:23:03.765-0400][gc,cpu      ] GC(11) User=0.02s Sys=0.01s Real=0.02s
[2025-04-25T22:30:38.843-0400][gc,start    ] GC(12) Pause Young (Normal) (G1 Evacuation Pause)
[2025-04-25T22:30:38.844-0400][gc,task     ] GC(12) Using 8 workers of 8 for evacuation
[2025-04-25T22:30:38.860-0400][gc,phases   ] GC(12)   Pre Evacuate Collection Set: 0.9ms
[2025-04-25T22:30:38.860-0400][gc,phases   ] GC(12)   Merge Heap Roots: 0.2ms
[2025-04-25T22:30:38.860-0400][gc,phases   ] GC(12)   Evacuate Collection Set: 14.0ms
[2025-04-25T22:30:38.860-0400][gc,phases   ] GC(12)   Post Evacuate Collection Set: 0.4ms
[2025-04-25T22:30:38.860-0400][gc,phases   ] GC(12)   Other: 0.2ms
[2025-04-25T22:30:38.860-0400][gc,heap     ] GC(12) Eden regions: 48->0(47)
[2025-04-25T22:30:38.860-0400][gc,heap     ] GC(12) Survivor regions: 3->4(7)
[2025-04-25T22:30:38.860-0400][gc,heap     ] GC(12) Old regions: 19->19
[2025-04-25T22:30:38.860-0400][gc,heap     ] GC(12) Archive regions: 2->2
[2025-04-25T22:30:38.860-0400][gc,heap     ] GC(12) Humongous regions: 133->133
[2025-04-25T22:30:38.860-0400][gc,metaspace] GC(12) Metaspace: 45665K(46400K)->45665K(46400K) NonClass: 40296K(40704K)->40296K(40704K) Class: 5369K(5696K)->5369K(5696K)
[2025-04-25T22:30:38.860-0400][gc          ] GC(12) Pause Young (Normal) (G1 Evacuation Pause) 203M->155M(1024M) 16.446ms
[2025-04-25T22:30:38.860-0400][gc,cpu      ] GC(12) User=0.02s Sys=0.01s Real=0.02s
