[2025-04-25 21:17:52,052] INFO [Controller id=0 epoch=1] Sending UpdateMetadata request to brokers HashSet() for 0 partitions (state.change.logger)
[2025-04-25 21:20:04,905] INFO [Controller id=0 epoch=2] Sending UpdateMetadata request to brokers HashSet(0) for 0 partitions (state.change.logger)
[2025-04-25 21:20:04,923] INFO [Controller id=0 epoch=2] Sending LeaderAndIsr request to broker 0 with 51 become-leader and 0 become-follower partitions (state.change.logger)
[2025-04-25 21:20:04,925] INFO [Controller id=0 epoch=2] Sending UpdateMetadata request to brokers HashSet(0) for 51 partitions (state.change.logger)
[2025-04-25 21:20:05,054] INFO [Broker id=0] Handling LeaderAndIsr request correlationId 1 from controller 0 for 51 partitions (state.change.logger)
[2025-04-25 21:20:05,066] INFO [Broker id=0] Stopped fetchers as part of LeaderAndIsr request correlationId 1 from controller 0 epoch 2 as part of the become-leader transition for 51 partitions (state.change.logger)
[2025-04-25 21:20:05,071] INFO [Broker id=0] Leader __consumer_offsets-3 with topic id Some(0HxKX5iOQH25f30b7hKMtQ) starts at leader epoch 0 from offset 0 with partition epoch 0, high watermark 0, ISR [0], adding replicas [] and removing replicas [] . Previous leader None and previous leader epoch was -1. (state.change.logger)
[2025-04-25 21:20:05,077] INFO [Broker id=0] Leader __consumer_offsets-18 with topic id Some(0HxKX5iOQH25f30b7hKMtQ) starts at leader epoch 0 from offset 0 with partition epoch 0, high watermark 0, ISR [0], adding replicas [] and removing replicas [] . Previous leader None and previous leader epoch was -1. (state.change.logger)
[2025-04-25 21:20:05,082] INFO [Broker id=0] Leader __consumer_offsets-41 with topic id Some(0HxKX5iOQH25f30b7hKMtQ) starts at leader epoch 0 from offset 0 with partition epoch 0, high watermark 0, ISR [0], adding replicas [] and removing replicas [] . Previous leader None and previous leader epoch was -1. (state.change.logger)
[2025-04-25 21:20:05,087] INFO [Broker id=0] Leader __consumer_offsets-10 with topic id Some(0HxKX5iOQH25f30b7hKMtQ) starts at leader epoch 0 from offset 0 with partition epoch 0, high watermark 0, ISR [0], adding replicas [] and removing replicas [] . Previous leader None and previous leader epoch was -1. (state.change.logger)
[2025-04-25 21:20:05,092] INFO [Broker id=0] Leader __consumer_offsets-33 with topic id Some(0HxKX5iOQH25f30b7hKMtQ) starts at leader epoch 0 from offset 0 with partition epoch 0, high watermark 0, ISR [0], adding replicas [] and removing replicas [] . Previous leader None and previous leader epoch was -1. (state.change.logger)
[2025-04-25 21:20:05,097] INFO [Broker id=0] Leader __consumer_offsets-48 with topic id Some(0HxKX5iOQH25f30b7hKMtQ) starts at leader epoch 0 from offset 0 with partition epoch 0, high watermark 0, ISR [0], adding replicas [] and removing replicas [] . Previous leader None and previous leader epoch was -1. (state.change.logger)
[2025-04-25 21:20:05,102] INFO [Broker id=0] Leader __consumer_offsets-19 with topic id Some(0HxKX5iOQH25f30b7hKMtQ) starts at leader epoch 0 from offset 0 with partition epoch 0, high watermark 0, ISR [0], adding replicas [] and removing replicas [] . Previous leader None and previous leader epoch was -1. (state.change.logger)
[2025-04-25 21:20:05,107] INFO [Broker id=0] Leader __consumer_offsets-34 with topic id Some(0HxKX5iOQH25f30b7hKMtQ) starts at leader epoch 0 from offset 0 with partition epoch 0, high watermark 0, ISR [0], adding replicas [] and removing replicas [] . Previous leader None and previous leader epoch was -1. (state.change.logger)
[2025-04-25 21:20:05,112] INFO [Broker id=0] Leader __consumer_offsets-4 with topic id Some(0HxKX5iOQH25f30b7hKMtQ) starts at leader epoch 0 from offset 0 with partition epoch 0, high watermark 0, ISR [0], adding replicas [] and removing replicas [] . Previous leader None and previous leader epoch was -1. (state.change.logger)
[2025-04-25 21:20:05,118] INFO [Broker id=0] Leader __consumer_offsets-11 with topic id Some(0HxKX5iOQH25f30b7hKMtQ) starts at leader epoch 0 from offset 0 with partition epoch 0, high watermark 0, ISR [0], adding replicas [] and removing replicas [] . Previous leader None and previous leader epoch was -1. (state.change.logger)
[2025-04-25 21:20:05,123] INFO [Broker id=0] Leader __consumer_offsets-26 with topic id Some(0HxKX5iOQH25f30b7hKMtQ) starts at leader epoch 0 from offset 0 with partition epoch 0, high watermark 0, ISR [0], adding replicas [] and removing replicas [] . Previous leader None and previous leader epoch was -1. (state.change.logger)
[2025-04-25 21:20:05,128] INFO [Broker id=0] Leader __consumer_offsets-49 with topic id Some(0HxKX5iOQH25f30b7hKMtQ) starts at leader epoch 0 from offset 44 with partition epoch 0, high watermark 44, ISR [0], adding replicas [] and removing replicas [] . Previous leader None and previous leader epoch was -1. (state.change.logger)
[2025-04-25 21:20:05,128] INFO [Broker id=0] Leader __consumer_offsets-39 with topic id Some(0HxKX5iOQH25f30b7hKMtQ) starts at leader epoch 0 from offset 0 with partition epoch 0, high watermark 0, ISR [0], adding replicas [] and removing replicas [] . Previous leader None and previous leader epoch was -1. (state.change.logger)
[2025-04-25 21:20:05,134] INFO [Broker id=0] Leader __consumer_offsets-9 with topic id Some(0HxKX5iOQH25f30b7hKMtQ) starts at leader epoch 0 from offset 0 with partition epoch 0, high watermark 0, ISR [0], adding replicas [] and removing replicas [] . Previous leader None and previous leader epoch was -1. (state.change.logger)
[2025-04-25 21:20:05,138] INFO [Broker id=0] Leader __consumer_offsets-24 with topic id Some(0HxKX5iOQH25f30b7hKMtQ) starts at leader epoch 0 from offset 0 with partition epoch 0, high watermark 0, ISR [0], adding replicas [] and removing replicas [] . Previous leader None and previous leader epoch was -1. (state.change.logger)
[2025-04-25 21:20:05,143] INFO [Broker id=0] Leader __consumer_offsets-31 with topic id Some(0HxKX5iOQH25f30b7hKMtQ) starts at leader epoch 0 from offset 0 with partition epoch 0, high watermark 0, ISR [0], adding replicas [] and removing replicas [] . Previous leader None and previous leader epoch was -1. (state.change.logger)
[2025-04-25 21:20:05,147] INFO [Broker id=0] Leader __consumer_offsets-46 with topic id Some(0HxKX5iOQH25f30b7hKMtQ) starts at leader epoch 0 from offset 0 with partition epoch 0, high watermark 0, ISR [0], adding replicas [] and removing replicas [] . Previous leader None and previous leader epoch was -1. (state.change.logger)
[2025-04-25 21:20:05,151] INFO [Broker id=0] Leader __consumer_offsets-1 with topic id Some(0HxKX5iOQH25f30b7hKMtQ) starts at leader epoch 0 from offset 2 with partition epoch 0, high watermark 2, ISR [0], adding replicas [] and removing replicas [] . Previous leader None and previous leader epoch was -1. (state.change.logger)
[2025-04-25 21:20:05,151] INFO [Broker id=0] Leader __consumer_offsets-16 with topic id Some(0HxKX5iOQH25f30b7hKMtQ) starts at leader epoch 0 from offset 0 with partition epoch 0, high watermark 0, ISR [0], adding replicas [] and removing replicas [] . Previous leader None and previous leader epoch was -1. (state.change.logger)
[2025-04-25 21:20:05,156] INFO [Broker id=0] Leader __consumer_offsets-2 with topic id Some(0HxKX5iOQH25f30b7hKMtQ) starts at leader epoch 0 from offset 0 with partition epoch 0, high watermark 0, ISR [0], adding replicas [] and removing replicas [] . Previous leader None and previous leader epoch was -1. (state.change.logger)
[2025-04-25 21:20:05,161] INFO [Broker id=0] Leader __consumer_offsets-25 with topic id Some(0HxKX5iOQH25f30b7hKMtQ) starts at leader epoch 0 from offset 0 with partition epoch 0, high watermark 0, ISR [0], adding replicas [] and removing replicas [] . Previous leader None and previous leader epoch was -1. (state.change.logger)
[2025-04-25 21:20:05,166] INFO [Broker id=0] Leader __consumer_offsets-40 with topic id Some(0HxKX5iOQH25f30b7hKMtQ) starts at leader epoch 0 from offset 0 with partition epoch 0, high watermark 0, ISR [0], adding replicas [] and removing replicas [] . Previous leader None and previous leader epoch was -1. (state.change.logger)
[2025-04-25 21:20:05,171] INFO [Broker id=0] Leader __consumer_offsets-47 with topic id Some(0HxKX5iOQH25f30b7hKMtQ) starts at leader epoch 0 from offset 0 with partition epoch 0, high watermark 0, ISR [0], adding replicas [] and removing replicas [] . Previous leader None and previous leader epoch was -1. (state.change.logger)
[2025-04-25 21:20:05,176] INFO [Broker id=0] Leader __consumer_offsets-17 with topic id Some(0HxKX5iOQH25f30b7hKMtQ) starts at leader epoch 0 from offset 0 with partition epoch 0, high watermark 0, ISR [0], adding replicas [] and removing replicas [] . Previous leader None and previous leader epoch was -1. (state.change.logger)
[2025-04-25 21:20:05,181] INFO [Broker id=0] Leader __consumer_offsets-32 with topic id Some(0HxKX5iOQH25f30b7hKMtQ) starts at leader epoch 0 from offset 0 with partition epoch 0, high watermark 0, ISR [0], adding replicas [] and removing replicas [] . Previous leader None and previous leader epoch was -1. (state.change.logger)
[2025-04-25 21:20:05,187] INFO [Broker id=0] Leader __consumer_offsets-37 with topic id Some(0HxKX5iOQH25f30b7hKMtQ) starts at leader epoch 0 from offset 0 with partition epoch 0, high watermark 0, ISR [0], adding replicas [] and removing replicas [] . Previous leader None and previous leader epoch was -1. (state.change.logger)
[2025-04-25 21:20:05,191] INFO [Broker id=0] Leader __consumer_offsets-7 with topic id Some(0HxKX5iOQH25f30b7hKMtQ) starts at leader epoch 0 from offset 0 with partition epoch 0, high watermark 0, ISR [0], adding replicas [] and removing replicas [] . Previous leader None and previous leader epoch was -1. (state.change.logger)
[2025-04-25 21:20:05,197] INFO [Broker id=0] Leader __consumer_offsets-22 with topic id Some(0HxKX5iOQH25f30b7hKMtQ) starts at leader epoch 0 from offset 0 with partition epoch 0, high watermark 0, ISR [0], adding replicas [] and removing replicas [] . Previous leader None and previous leader epoch was -1. (state.change.logger)
[2025-04-25 21:20:05,202] INFO [Broker id=0] Leader __consumer_offsets-29 with topic id Some(0HxKX5iOQH25f30b7hKMtQ) starts at leader epoch 0 from offset 0 with partition epoch 0, high watermark 0, ISR [0], adding replicas [] and removing replicas [] . Previous leader None and previous leader epoch was -1. (state.change.logger)
[2025-04-25 21:20:05,207] INFO [Broker id=0] Leader __consumer_offsets-44 with topic id Some(0HxKX5iOQH25f30b7hKMtQ) starts at leader epoch 0 from offset 0 with partition epoch 0, high watermark 0, ISR [0], adding replicas [] and removing replicas [] . Previous leader None and previous leader epoch was -1. (state.change.logger)
[2025-04-25 21:20:05,212] INFO [Broker id=0] Leader __consumer_offsets-14 with topic id Some(0HxKX5iOQH25f30b7hKMtQ) starts at leader epoch 0 from offset 0 with partition epoch 0, high watermark 0, ISR [0], adding replicas [] and removing replicas [] . Previous leader None and previous leader epoch was -1. (state.change.logger)
[2025-04-25 21:20:05,217] INFO [Broker id=0] Leader __consumer_offsets-23 with topic id Some(0HxKX5iOQH25f30b7hKMtQ) starts at leader epoch 0 from offset 0 with partition epoch 0, high watermark 0, ISR [0], adding replicas [] and removing replicas [] . Previous leader None and previous leader epoch was -1. (state.change.logger)
[2025-04-25 21:20:05,222] INFO [Broker id=0] Leader __consumer_offsets-38 with topic id Some(0HxKX5iOQH25f30b7hKMtQ) starts at leader epoch 0 from offset 0 with partition epoch 0, high watermark 0, ISR [0], adding replicas [] and removing replicas [] . Previous leader None and previous leader epoch was -1. (state.change.logger)
[2025-04-25 21:20:05,226] INFO [Broker id=0] Leader __consumer_offsets-8 with topic id Some(0HxKX5iOQH25f30b7hKMtQ) starts at leader epoch 0 from offset 0 with partition epoch 0, high watermark 0, ISR [0], adding replicas [] and removing replicas [] . Previous leader None and previous leader epoch was -1. (state.change.logger)
[2025-04-25 21:20:05,228] INFO [Broker id=0] Leader __consumer_offsets-45 with topic id Some(0HxKX5iOQH25f30b7hKMtQ) starts at leader epoch 0 from offset 0 with partition epoch 0, high watermark 0, ISR [0], adding replicas [] and removing replicas [] . Previous leader None and previous leader epoch was -1. (state.change.logger)
[2025-04-25 21:20:05,234] INFO [Broker id=0] Leader __consumer_offsets-15 with topic id Some(0HxKX5iOQH25f30b7hKMtQ) starts at leader epoch 0 from offset 1 with partition epoch 0, high watermark 1, ISR [0], adding replicas [] and removing replicas [] . Previous leader None and previous leader epoch was -1. (state.change.logger)
[2025-04-25 21:20:05,234] INFO [Broker id=0] Leader __consumer_offsets-30 with topic id Some(0HxKX5iOQH25f30b7hKMtQ) starts at leader epoch 0 from offset 0 with partition epoch 0, high watermark 0, ISR [0], adding replicas [] and removing replicas [] . Previous leader None and previous leader epoch was -1. (state.change.logger)
[2025-04-25 21:20:05,239] INFO [Broker id=0] Leader __consumer_offsets-0 with topic id Some(0HxKX5iOQH25f30b7hKMtQ) starts at leader epoch 0 from offset 0 with partition epoch 0, high watermark 0, ISR [0], adding replicas [] and removing replicas [] . Previous leader None and previous leader epoch was -1. (state.change.logger)
[2025-04-25 21:20:05,244] INFO [Broker id=0] Leader __consumer_offsets-35 with topic id Some(0HxKX5iOQH25f30b7hKMtQ) starts at leader epoch 0 from offset 0 with partition epoch 0, high watermark 0, ISR [0], adding replicas [] and removing replicas [] . Previous leader None and previous leader epoch was -1. (state.change.logger)
[2025-04-25 21:20:05,249] INFO [Broker id=0] Leader __consumer_offsets-5 with topic id Some(0HxKX5iOQH25f30b7hKMtQ) starts at leader epoch 0 from offset 0 with partition epoch 0, high watermark 0, ISR [0], adding replicas [] and removing replicas [] . Previous leader None and previous leader epoch was -1. (state.change.logger)
[2025-04-25 21:20:05,254] INFO [Broker id=0] Leader __consumer_offsets-20 with topic id Some(0HxKX5iOQH25f30b7hKMtQ) starts at leader epoch 0 from offset 0 with partition epoch 0, high watermark 0, ISR [0], adding replicas [] and removing replicas [] . Previous leader None and previous leader epoch was -1. (state.change.logger)
[2025-04-25 21:20:05,259] INFO [Broker id=0] Leader __consumer_offsets-27 with topic id Some(0HxKX5iOQH25f30b7hKMtQ) starts at leader epoch 0 from offset 0 with partition epoch 0, high watermark 0, ISR [0], adding replicas [] and removing replicas [] . Previous leader None and previous leader epoch was -1. (state.change.logger)
[2025-04-25 21:20:05,263] INFO [Broker id=0] Leader __consumer_offsets-42 with topic id Some(0HxKX5iOQH25f30b7hKMtQ) starts at leader epoch 0 from offset 0 with partition epoch 0, high watermark 0, ISR [0], adding replicas [] and removing replicas [] . Previous leader None and previous leader epoch was -1. (state.change.logger)
[2025-04-25 21:20:05,268] INFO [Broker id=0] Leader __consumer_offsets-12 with topic id Some(0HxKX5iOQH25f30b7hKMtQ) starts at leader epoch 0 from offset 0 with partition epoch 0, high watermark 0, ISR [0], adding replicas [] and removing replicas [] . Previous leader None and previous leader epoch was -1. (state.change.logger)
[2025-04-25 21:20:05,272] INFO [Broker id=0] Leader __consumer_offsets-21 with topic id Some(0HxKX5iOQH25f30b7hKMtQ) starts at leader epoch 0 from offset 0 with partition epoch 0, high watermark 0, ISR [0], adding replicas [] and removing replicas [] . Previous leader None and previous leader epoch was -1. (state.change.logger)
[2025-04-25 21:20:05,277] INFO [Broker id=0] Leader __consumer_offsets-36 with topic id Some(0HxKX5iOQH25f30b7hKMtQ) starts at leader epoch 0 from offset 0 with partition epoch 0, high watermark 0, ISR [0], adding replicas [] and removing replicas [] . Previous leader None and previous leader epoch was -1. (state.change.logger)
[2025-04-25 21:20:05,282] INFO [Broker id=0] Leader __consumer_offsets-6 with topic id Some(0HxKX5iOQH25f30b7hKMtQ) starts at leader epoch 0 from offset 0 with partition epoch 0, high watermark 0, ISR [0], adding replicas [] and removing replicas [] . Previous leader None and previous leader epoch was -1. (state.change.logger)
[2025-04-25 21:20:05,288] INFO [Broker id=0] Leader __consumer_offsets-43 with topic id Some(0HxKX5iOQH25f30b7hKMtQ) starts at leader epoch 0 from offset 0 with partition epoch 0, high watermark 0, ISR [0], adding replicas [] and removing replicas [] . Previous leader None and previous leader epoch was -1. (state.change.logger)
[2025-04-25 21:20:05,293] INFO [Broker id=0] Leader stock_data-0 with topic id Some(NYZqQWJ6QQW7gpZdc6ER_A) starts at leader epoch 0 from offset 90 with partition epoch 0, high watermark 90, ISR [0], adding replicas [] and removing replicas [] . Previous leader None and previous leader epoch was -1. (state.change.logger)
[2025-04-25 21:20:05,293] INFO [Broker id=0] Leader __consumer_offsets-13 with topic id Some(0HxKX5iOQH25f30b7hKMtQ) starts at leader epoch 0 from offset 0 with partition epoch 0, high watermark 0, ISR [0], adding replicas [] and removing replicas [] . Previous leader None and previous leader epoch was -1. (state.change.logger)
[2025-04-25 21:20:05,299] INFO [Broker id=0] Leader __consumer_offsets-28 with topic id Some(0HxKX5iOQH25f30b7hKMtQ) starts at leader epoch 0 from offset 0 with partition epoch 0, high watermark 0, ISR [0], adding replicas [] and removing replicas [] . Previous leader None and previous leader epoch was -1. (state.change.logger)
[2025-04-25 21:20:05,329] INFO [Broker id=0] Finished LeaderAndIsr request in 275ms correlationId 1 from controller 0 for 51 partitions (state.change.logger)
[2025-04-25 21:20:05,335] INFO [Broker id=0] Add 51 partitions and deleted 0 partitions from metadata cache in response to UpdateMetadata request sent by controller 0 epoch 2 with correlation id 2 (state.change.logger)
[2025-04-25 21:21:12,866] INFO [Controller id=0 epoch=2] Sending UpdateMetadata request to brokers HashSet() for 0 partitions (state.change.logger)
[2025-04-25 21:21:12,867] INFO [Controller id=0 epoch=2] Sending UpdateMetadata request to brokers HashSet() for 0 partitions (state.change.logger)
[2025-04-25 21:21:12,867] INFO [Controller id=0 epoch=2] Sending UpdateMetadata request to brokers HashSet(0) for 1 partitions (state.change.logger)
[2025-04-25 21:21:12,869] INFO [Broker id=0] Add 0 partitions and deleted 1 partitions from metadata cache in response to UpdateMetadata request sent by controller 0 epoch 2 with correlation id 3 (state.change.logger)
[2025-04-25 21:21:12,893] INFO [Controller id=0 epoch=2] Partition stock_data-0 state changed to (Leader:-1,ISR:0,LeaderRecoveryState:RECOVERED,LeaderEpoch:1,ZkVersion:1,ControllerEpoch:2) after removing replica 0 from the ISR as part of transition to OfflineReplica (state.change.logger)
[2025-04-25 21:21:12,895] INFO [Controller id=0 epoch=2] Sending UpdateMetadata request to brokers HashSet() for 0 partitions (state.change.logger)
[2025-04-25 21:21:12,896] INFO [Controller id=0 epoch=2] Sending StopReplica request for 1 replicas to broker 0 (state.change.logger)
[2025-04-25 21:21:12,896] INFO [Controller id=0 epoch=2] Sending UpdateMetadata request to brokers HashSet() for 0 partitions (state.change.logger)
[2025-04-25 21:21:12,896] INFO [Controller id=0 epoch=2] Sending StopReplica request for 1 replicas to broker 0 (state.change.logger)
[2025-04-25 21:21:12,897] INFO [Broker id=0] Handling StopReplica request correlationId 4 from controller 0 for 1 partitions (state.change.logger)
[2025-04-25 21:21:12,901] INFO [Broker id=0] Handling StopReplica request correlationId 5 from controller 0 for 1 partitions (state.change.logger)
[2025-04-25 21:21:12,926] INFO [Controller id=0 epoch=2] Sending UpdateMetadata request to brokers HashSet() for 0 partitions (state.change.logger)
[2025-04-25 21:21:12,927] INFO [Controller id=0 epoch=2] Sending UpdateMetadata request to brokers HashSet() for 0 partitions (state.change.logger)
[2025-04-25 21:21:15,520] INFO [Controller id=0 epoch=2] Changed partition stock_data-0 state from NonExistentPartition to NewPartition with assigned replicas 0 (state.change.logger)
[2025-04-25 21:21:15,520] INFO [Controller id=0 epoch=2] Sending UpdateMetadata request to brokers HashSet() for 0 partitions (state.change.logger)
[2025-04-25 21:21:15,520] INFO [Controller id=0 epoch=2] Sending UpdateMetadata request to brokers HashSet() for 0 partitions (state.change.logger)
[2025-04-25 21:21:15,537] INFO [Controller id=0 epoch=2] Changed partition stock_data-0 from NewPartition to OnlinePartition with state LeaderAndIsr(leader=0, leaderEpoch=0, isrWithBrokerEpoch=List(BrokerState(brokerId=0, brokerEpoch=-1)), leaderRecoveryState=RECOVERED, partitionEpoch=0) (state.change.logger)
[2025-04-25 21:21:15,537] INFO [Controller id=0 epoch=2] Sending LeaderAndIsr request to broker 0 with 1 become-leader and 0 become-follower partitions (state.change.logger)
[2025-04-25 21:21:15,537] INFO [Controller id=0 epoch=2] Sending UpdateMetadata request to brokers HashSet(0) for 1 partitions (state.change.logger)
[2025-04-25 21:21:15,538] INFO [Controller id=0 epoch=2] Sending UpdateMetadata request to brokers HashSet() for 0 partitions (state.change.logger)
[2025-04-25 21:21:15,538] INFO [Broker id=0] Handling LeaderAndIsr request correlationId 6 from controller 0 for 1 partitions (state.change.logger)
[2025-04-25 21:21:15,538] INFO [Broker id=0] Stopped fetchers as part of LeaderAndIsr request correlationId 6 from controller 0 epoch 2 as part of the become-leader transition for 1 partitions (state.change.logger)
[2025-04-25 21:21:15,547] INFO [Broker id=0] Leader stock_data-0 with topic id Some(EiYdwu7aTkGlBztMA_s0fQ) starts at leader epoch 0 from offset 0 with partition epoch 0, high watermark 0, ISR [0], adding replicas [] and removing replicas [] . Previous leader None and previous leader epoch was -1. (state.change.logger)
[2025-04-25 21:21:15,555] INFO [Broker id=0] Finished LeaderAndIsr request in 17ms correlationId 6 from controller 0 for 1 partitions (state.change.logger)
[2025-04-25 21:21:15,557] INFO [Broker id=0] Add 1 partitions and deleted 0 partitions from metadata cache in response to UpdateMetadata request sent by controller 0 epoch 2 with correlation id 7 (state.change.logger)
[2025-04-25 21:21:53,858] INFO [Controller id=0 epoch=2] Sending UpdateMetadata request to brokers HashSet() for 0 partitions (state.change.logger)
[2025-04-25 21:21:53,859] INFO [Controller id=0 epoch=2] Sending UpdateMetadata request to brokers HashSet() for 0 partitions (state.change.logger)
[2025-04-25 21:21:53,859] INFO [Controller id=0 epoch=2] Sending UpdateMetadata request to brokers HashSet(0) for 1 partitions (state.change.logger)
[2025-04-25 21:21:53,861] INFO [Broker id=0] Add 0 partitions and deleted 1 partitions from metadata cache in response to UpdateMetadata request sent by controller 0 epoch 2 with correlation id 8 (state.change.logger)
[2025-04-25 21:21:53,873] INFO [Controller id=0 epoch=2] Partition stock_data-0 state changed to (Leader:-1,ISR:0,LeaderRecoveryState:RECOVERED,LeaderEpoch:1,ZkVersion:1,ControllerEpoch:2) after removing replica 0 from the ISR as part of transition to OfflineReplica (state.change.logger)
[2025-04-25 21:21:53,873] INFO [Controller id=0 epoch=2] Sending UpdateMetadata request to brokers HashSet() for 0 partitions (state.change.logger)
[2025-04-25 21:21:53,873] INFO [Controller id=0 epoch=2] Sending StopReplica request for 1 replicas to broker 0 (state.change.logger)
[2025-04-25 21:21:53,873] INFO [Controller id=0 epoch=2] Sending UpdateMetadata request to brokers HashSet() for 0 partitions (state.change.logger)
[2025-04-25 21:21:53,873] INFO [Controller id=0 epoch=2] Sending StopReplica request for 1 replicas to broker 0 (state.change.logger)
[2025-04-25 21:21:53,874] INFO [Broker id=0] Handling StopReplica request correlationId 9 from controller 0 for 1 partitions (state.change.logger)
[2025-04-25 21:21:53,875] INFO [Broker id=0] Handling StopReplica request correlationId 10 from controller 0 for 1 partitions (state.change.logger)
[2025-04-25 21:21:53,908] INFO [Controller id=0 epoch=2] Sending UpdateMetadata request to brokers HashSet() for 0 partitions (state.change.logger)
[2025-04-25 21:21:53,908] INFO [Controller id=0 epoch=2] Sending UpdateMetadata request to brokers HashSet() for 0 partitions (state.change.logger)
[2025-04-25 21:21:57,737] INFO [Controller id=0 epoch=2] Changed partition stock_data-0 state from NonExistentPartition to NewPartition with assigned replicas 0 (state.change.logger)
[2025-04-25 21:21:57,737] INFO [Controller id=0 epoch=2] Sending UpdateMetadata request to brokers HashSet() for 0 partitions (state.change.logger)
[2025-04-25 21:21:57,737] INFO [Controller id=0 epoch=2] Sending UpdateMetadata request to brokers HashSet() for 0 partitions (state.change.logger)
[2025-04-25 21:21:57,755] INFO [Controller id=0 epoch=2] Changed partition stock_data-0 from NewPartition to OnlinePartition with state LeaderAndIsr(leader=0, leaderEpoch=0, isrWithBrokerEpoch=List(BrokerState(brokerId=0, brokerEpoch=-1)), leaderRecoveryState=RECOVERED, partitionEpoch=0) (state.change.logger)
[2025-04-25 21:21:57,755] INFO [Controller id=0 epoch=2] Sending LeaderAndIsr request to broker 0 with 1 become-leader and 0 become-follower partitions (state.change.logger)
[2025-04-25 21:21:57,755] INFO [Controller id=0 epoch=2] Sending UpdateMetadata request to brokers HashSet(0) for 1 partitions (state.change.logger)
[2025-04-25 21:21:57,755] INFO [Controller id=0 epoch=2] Sending UpdateMetadata request to brokers HashSet() for 0 partitions (state.change.logger)
[2025-04-25 21:21:57,755] INFO [Broker id=0] Handling LeaderAndIsr request correlationId 11 from controller 0 for 1 partitions (state.change.logger)
[2025-04-25 21:21:57,756] INFO [Broker id=0] Stopped fetchers as part of LeaderAndIsr request correlationId 11 from controller 0 epoch 2 as part of the become-leader transition for 1 partitions (state.change.logger)
[2025-04-25 21:21:57,759] INFO [Broker id=0] Leader stock_data-0 with topic id Some(GJrfE55tTGqunpc23ckVew) starts at leader epoch 0 from offset 0 with partition epoch 0, high watermark 0, ISR [0], adding replicas [] and removing replicas [] . Previous leader None and previous leader epoch was -1. (state.change.logger)
[2025-04-25 21:21:57,767] INFO [Broker id=0] Finished LeaderAndIsr request in 12ms correlationId 11 from controller 0 for 1 partitions (state.change.logger)
[2025-04-25 21:21:57,768] INFO [Broker id=0] Add 1 partitions and deleted 0 partitions from metadata cache in response to UpdateMetadata request sent by controller 0 epoch 2 with correlation id 12 (state.change.logger)
[2025-04-25 21:34:11,012] INFO [Controller id=0 epoch=2] Sending UpdateMetadata request to brokers HashSet() for 0 partitions (state.change.logger)
[2025-04-25 21:34:11,012] INFO [Controller id=0 epoch=2] Sending UpdateMetadata request to brokers HashSet() for 0 partitions (state.change.logger)
[2025-04-25 21:34:11,012] INFO [Controller id=0 epoch=2] Sending UpdateMetadata request to brokers HashSet(0) for 1 partitions (state.change.logger)
[2025-04-25 21:34:11,021] INFO [Broker id=0] Add 0 partitions and deleted 1 partitions from metadata cache in response to UpdateMetadata request sent by controller 0 epoch 2 with correlation id 13 (state.change.logger)
[2025-04-25 21:34:11,021] INFO [Controller id=0 epoch=2] Partition stock_data-0 state changed to (Leader:-1,ISR:0,LeaderRecoveryState:RECOVERED,LeaderEpoch:1,ZkVersion:1,ControllerEpoch:2) after removing replica 0 from the ISR as part of transition to OfflineReplica (state.change.logger)
[2025-04-25 21:34:11,021] INFO [Controller id=0 epoch=2] Sending UpdateMetadata request to brokers HashSet() for 0 partitions (state.change.logger)
[2025-04-25 21:34:11,021] INFO [Controller id=0 epoch=2] Sending StopReplica request for 1 replicas to broker 0 (state.change.logger)
[2025-04-25 21:34:11,021] INFO [Controller id=0 epoch=2] Sending UpdateMetadata request to brokers HashSet() for 0 partitions (state.change.logger)
[2025-04-25 21:34:11,021] INFO [Controller id=0 epoch=2] Sending StopReplica request for 1 replicas to broker 0 (state.change.logger)
[2025-04-25 21:34:11,022] INFO [Broker id=0] Handling StopReplica request correlationId 14 from controller 0 for 1 partitions (state.change.logger)
[2025-04-25 21:34:11,022] INFO [Broker id=0] Handling StopReplica request correlationId 15 from controller 0 for 1 partitions (state.change.logger)
[2025-04-25 21:34:11,044] INFO [Controller id=0 epoch=2] Sending UpdateMetadata request to brokers HashSet() for 0 partitions (state.change.logger)
[2025-04-25 21:34:11,044] INFO [Controller id=0 epoch=2] Sending UpdateMetadata request to brokers HashSet() for 0 partitions (state.change.logger)
[2025-04-25 21:34:14,480] INFO [Controller id=0 epoch=2] Sending UpdateMetadata request to brokers HashSet() for 0 partitions (state.change.logger)
[2025-04-25 21:35:02,846] INFO [Controller id=0 epoch=3] Sending UpdateMetadata request to brokers HashSet(0) for 0 partitions (state.change.logger)
[2025-04-25 21:35:02,862] INFO [Controller id=0 epoch=3] Sending LeaderAndIsr request to broker 0 with 50 become-leader and 0 become-follower partitions (state.change.logger)
[2025-04-25 21:35:02,863] INFO [Controller id=0 epoch=3] Sending UpdateMetadata request to brokers HashSet(0) for 50 partitions (state.change.logger)
[2025-04-25 21:35:02,994] INFO [Broker id=0] Handling LeaderAndIsr request correlationId 1 from controller 0 for 50 partitions (state.change.logger)
[2025-04-25 21:35:03,005] INFO [Broker id=0] Stopped fetchers as part of LeaderAndIsr request correlationId 1 from controller 0 epoch 3 as part of the become-leader transition for 50 partitions (state.change.logger)
[2025-04-25 21:35:03,011] INFO [Broker id=0] Leader __consumer_offsets-3 with topic id Some(0HxKX5iOQH25f30b7hKMtQ) starts at leader epoch 0 from offset 0 with partition epoch 0, high watermark 0, ISR [0], adding replicas [] and removing replicas [] . Previous leader None and previous leader epoch was -1. (state.change.logger)
[2025-04-25 21:35:03,018] INFO [Broker id=0] Leader __consumer_offsets-18 with topic id Some(0HxKX5iOQH25f30b7hKMtQ) starts at leader epoch 0 from offset 0 with partition epoch 0, high watermark 0, ISR [0], adding replicas [] and removing replicas [] . Previous leader None and previous leader epoch was -1. (state.change.logger)
[2025-04-25 21:35:03,022] INFO [Broker id=0] Leader __consumer_offsets-41 with topic id Some(0HxKX5iOQH25f30b7hKMtQ) starts at leader epoch 0 from offset 0 with partition epoch 0, high watermark 0, ISR [0], adding replicas [] and removing replicas [] . Previous leader None and previous leader epoch was -1. (state.change.logger)
[2025-04-25 21:35:03,026] INFO [Broker id=0] Leader __consumer_offsets-10 with topic id Some(0HxKX5iOQH25f30b7hKMtQ) starts at leader epoch 0 from offset 0 with partition epoch 0, high watermark 0, ISR [0], adding replicas [] and removing replicas [] . Previous leader None and previous leader epoch was -1. (state.change.logger)
[2025-04-25 21:35:03,031] INFO [Broker id=0] Leader __consumer_offsets-33 with topic id Some(0HxKX5iOQH25f30b7hKMtQ) starts at leader epoch 0 from offset 0 with partition epoch 0, high watermark 0, ISR [0], adding replicas [] and removing replicas [] . Previous leader None and previous leader epoch was -1. (state.change.logger)
[2025-04-25 21:35:03,035] INFO [Broker id=0] Leader __consumer_offsets-48 with topic id Some(0HxKX5iOQH25f30b7hKMtQ) starts at leader epoch 0 from offset 0 with partition epoch 0, high watermark 0, ISR [0], adding replicas [] and removing replicas [] . Previous leader None and previous leader epoch was -1. (state.change.logger)
[2025-04-25 21:35:03,039] INFO [Broker id=0] Leader __consumer_offsets-19 with topic id Some(0HxKX5iOQH25f30b7hKMtQ) starts at leader epoch 0 from offset 0 with partition epoch 0, high watermark 0, ISR [0], adding replicas [] and removing replicas [] . Previous leader None and previous leader epoch was -1. (state.change.logger)
[2025-04-25 21:35:03,043] INFO [Broker id=0] Leader __consumer_offsets-34 with topic id Some(0HxKX5iOQH25f30b7hKMtQ) starts at leader epoch 0 from offset 0 with partition epoch 0, high watermark 0, ISR [0], adding replicas [] and removing replicas [] . Previous leader None and previous leader epoch was -1. (state.change.logger)
[2025-04-25 21:35:03,048] INFO [Broker id=0] Leader __consumer_offsets-4 with topic id Some(0HxKX5iOQH25f30b7hKMtQ) starts at leader epoch 0 from offset 0 with partition epoch 0, high watermark 0, ISR [0], adding replicas [] and removing replicas [] . Previous leader None and previous leader epoch was -1. (state.change.logger)
[2025-04-25 21:35:03,053] INFO [Broker id=0] Leader __consumer_offsets-11 with topic id Some(0HxKX5iOQH25f30b7hKMtQ) starts at leader epoch 0 from offset 0 with partition epoch 0, high watermark 0, ISR [0], adding replicas [] and removing replicas [] . Previous leader None and previous leader epoch was -1. (state.change.logger)
[2025-04-25 21:35:03,057] INFO [Broker id=0] Leader __consumer_offsets-26 with topic id Some(0HxKX5iOQH25f30b7hKMtQ) starts at leader epoch 0 from offset 3 with partition epoch 0, high watermark 3, ISR [0], adding replicas [] and removing replicas [] . Previous leader None and previous leader epoch was -1. (state.change.logger)
[2025-04-25 21:35:03,057] INFO [Broker id=0] Leader __consumer_offsets-49 with topic id Some(0HxKX5iOQH25f30b7hKMtQ) starts at leader epoch 0 from offset 55 with partition epoch 0, high watermark 55, ISR [0], adding replicas [] and removing replicas [] . Previous leader None and previous leader epoch was -1. (state.change.logger)
[2025-04-25 21:35:03,058] INFO [Broker id=0] Leader __consumer_offsets-39 with topic id Some(0HxKX5iOQH25f30b7hKMtQ) starts at leader epoch 0 from offset 0 with partition epoch 0, high watermark 0, ISR [0], adding replicas [] and removing replicas [] . Previous leader None and previous leader epoch was -1. (state.change.logger)
[2025-04-25 21:35:03,063] INFO [Broker id=0] Leader __consumer_offsets-9 with topic id Some(0HxKX5iOQH25f30b7hKMtQ) starts at leader epoch 0 from offset 0 with partition epoch 0, high watermark 0, ISR [0], adding replicas [] and removing replicas [] . Previous leader None and previous leader epoch was -1. (state.change.logger)
[2025-04-25 21:35:03,068] INFO [Broker id=0] Leader __consumer_offsets-24 with topic id Some(0HxKX5iOQH25f30b7hKMtQ) starts at leader epoch 0 from offset 0 with partition epoch 0, high watermark 0, ISR [0], adding replicas [] and removing replicas [] . Previous leader None and previous leader epoch was -1. (state.change.logger)
[2025-04-25 21:35:03,073] INFO [Broker id=0] Leader __consumer_offsets-31 with topic id Some(0HxKX5iOQH25f30b7hKMtQ) starts at leader epoch 0 from offset 0 with partition epoch 0, high watermark 0, ISR [0], adding replicas [] and removing replicas [] . Previous leader None and previous leader epoch was -1. (state.change.logger)
[2025-04-25 21:35:03,078] INFO [Broker id=0] Leader __consumer_offsets-46 with topic id Some(0HxKX5iOQH25f30b7hKMtQ) starts at leader epoch 0 from offset 0 with partition epoch 0, high watermark 0, ISR [0], adding replicas [] and removing replicas [] . Previous leader None and previous leader epoch was -1. (state.change.logger)
[2025-04-25 21:35:03,083] INFO [Broker id=0] Leader __consumer_offsets-1 with topic id Some(0HxKX5iOQH25f30b7hKMtQ) starts at leader epoch 0 from offset 3 with partition epoch 0, high watermark 3, ISR [0], adding replicas [] and removing replicas [] . Previous leader None and previous leader epoch was -1. (state.change.logger)
[2025-04-25 21:35:03,083] INFO [Broker id=0] Leader __consumer_offsets-16 with topic id Some(0HxKX5iOQH25f30b7hKMtQ) starts at leader epoch 0 from offset 0 with partition epoch 0, high watermark 0, ISR [0], adding replicas [] and removing replicas [] . Previous leader None and previous leader epoch was -1. (state.change.logger)
[2025-04-25 21:35:03,088] INFO [Broker id=0] Leader __consumer_offsets-2 with topic id Some(0HxKX5iOQH25f30b7hKMtQ) starts at leader epoch 0 from offset 0 with partition epoch 0, high watermark 0, ISR [0], adding replicas [] and removing replicas [] . Previous leader None and previous leader epoch was -1. (state.change.logger)
[2025-04-25 21:35:03,093] INFO [Broker id=0] Leader __consumer_offsets-25 with topic id Some(0HxKX5iOQH25f30b7hKMtQ) starts at leader epoch 0 from offset 0 with partition epoch 0, high watermark 0, ISR [0], adding replicas [] and removing replicas [] . Previous leader None and previous leader epoch was -1. (state.change.logger)
[2025-04-25 21:35:03,097] INFO [Broker id=0] Leader __consumer_offsets-40 with topic id Some(0HxKX5iOQH25f30b7hKMtQ) starts at leader epoch 0 from offset 0 with partition epoch 0, high watermark 0, ISR [0], adding replicas [] and removing replicas [] . Previous leader None and previous leader epoch was -1. (state.change.logger)
[2025-04-25 21:35:03,102] INFO [Broker id=0] Leader __consumer_offsets-47 with topic id Some(0HxKX5iOQH25f30b7hKMtQ) starts at leader epoch 0 from offset 0 with partition epoch 0, high watermark 0, ISR [0], adding replicas [] and removing replicas [] . Previous leader None and previous leader epoch was -1. (state.change.logger)
[2025-04-25 21:35:03,107] INFO [Broker id=0] Leader __consumer_offsets-17 with topic id Some(0HxKX5iOQH25f30b7hKMtQ) starts at leader epoch 0 from offset 0 with partition epoch 0, high watermark 0, ISR [0], adding replicas [] and removing replicas [] . Previous leader None and previous leader epoch was -1. (state.change.logger)
[2025-04-25 21:35:03,112] INFO [Broker id=0] Leader __consumer_offsets-32 with topic id Some(0HxKX5iOQH25f30b7hKMtQ) starts at leader epoch 0 from offset 0 with partition epoch 0, high watermark 0, ISR [0], adding replicas [] and removing replicas [] . Previous leader None and previous leader epoch was -1. (state.change.logger)
[2025-04-25 21:35:03,117] INFO [Broker id=0] Leader __consumer_offsets-37 with topic id Some(0HxKX5iOQH25f30b7hKMtQ) starts at leader epoch 0 from offset 0 with partition epoch 0, high watermark 0, ISR [0], adding replicas [] and removing replicas [] . Previous leader None and previous leader epoch was -1. (state.change.logger)
[2025-04-25 21:35:03,121] INFO [Broker id=0] Leader __consumer_offsets-7 with topic id Some(0HxKX5iOQH25f30b7hKMtQ) starts at leader epoch 0 from offset 0 with partition epoch 0, high watermark 0, ISR [0], adding replicas [] and removing replicas [] . Previous leader None and previous leader epoch was -1. (state.change.logger)
[2025-04-25 21:35:03,125] INFO [Broker id=0] Leader __consumer_offsets-22 with topic id Some(0HxKX5iOQH25f30b7hKMtQ) starts at leader epoch 0 from offset 0 with partition epoch 0, high watermark 0, ISR [0], adding replicas [] and removing replicas [] . Previous leader None and previous leader epoch was -1. (state.change.logger)
[2025-04-25 21:35:03,130] INFO [Broker id=0] Leader __consumer_offsets-29 with topic id Some(0HxKX5iOQH25f30b7hKMtQ) starts at leader epoch 0 from offset 0 with partition epoch 0, high watermark 0, ISR [0], adding replicas [] and removing replicas [] . Previous leader None and previous leader epoch was -1. (state.change.logger)
[2025-04-25 21:35:03,135] INFO [Broker id=0] Leader __consumer_offsets-44 with topic id Some(0HxKX5iOQH25f30b7hKMtQ) starts at leader epoch 0 from offset 0 with partition epoch 0, high watermark 0, ISR [0], adding replicas [] and removing replicas [] . Previous leader None and previous leader epoch was -1. (state.change.logger)
[2025-04-25 21:35:03,141] INFO [Broker id=0] Leader __consumer_offsets-14 with topic id Some(0HxKX5iOQH25f30b7hKMtQ) starts at leader epoch 0 from offset 0 with partition epoch 0, high watermark 0, ISR [0], adding replicas [] and removing replicas [] . Previous leader None and previous leader epoch was -1. (state.change.logger)
[2025-04-25 21:35:03,147] INFO [Broker id=0] Leader __consumer_offsets-23 with topic id Some(0HxKX5iOQH25f30b7hKMtQ) starts at leader epoch 0 from offset 0 with partition epoch 0, high watermark 0, ISR [0], adding replicas [] and removing replicas [] . Previous leader None and previous leader epoch was -1. (state.change.logger)
[2025-04-25 21:35:03,152] INFO [Broker id=0] Leader __consumer_offsets-38 with topic id Some(0HxKX5iOQH25f30b7hKMtQ) starts at leader epoch 0 from offset 0 with partition epoch 0, high watermark 0, ISR [0], adding replicas [] and removing replicas [] . Previous leader None and previous leader epoch was -1. (state.change.logger)
[2025-04-25 21:35:03,157] INFO [Broker id=0] Leader __consumer_offsets-8 with topic id Some(0HxKX5iOQH25f30b7hKMtQ) starts at leader epoch 0 from offset 0 with partition epoch 0, high watermark 0, ISR [0], adding replicas [] and removing replicas [] . Previous leader None and previous leader epoch was -1. (state.change.logger)
[2025-04-25 21:35:03,161] INFO [Broker id=0] Leader __consumer_offsets-45 with topic id Some(0HxKX5iOQH25f30b7hKMtQ) starts at leader epoch 0 from offset 3 with partition epoch 0, high watermark 3, ISR [0], adding replicas [] and removing replicas [] . Previous leader None and previous leader epoch was -1. (state.change.logger)
[2025-04-25 21:35:03,162] INFO [Broker id=0] Leader __consumer_offsets-15 with topic id Some(0HxKX5iOQH25f30b7hKMtQ) starts at leader epoch 0 from offset 3 with partition epoch 0, high watermark 3, ISR [0], adding replicas [] and removing replicas [] . Previous leader None and previous leader epoch was -1. (state.change.logger)
[2025-04-25 21:35:03,162] INFO [Broker id=0] Leader __consumer_offsets-30 with topic id Some(0HxKX5iOQH25f30b7hKMtQ) starts at leader epoch 0 from offset 0 with partition epoch 0, high watermark 0, ISR [0], adding replicas [] and removing replicas [] . Previous leader None and previous leader epoch was -1. (state.change.logger)
[2025-04-25 21:35:03,166] INFO [Broker id=0] Leader __consumer_offsets-0 with topic id Some(0HxKX5iOQH25f30b7hKMtQ) starts at leader epoch 0 from offset 0 with partition epoch 0, high watermark 0, ISR [0], adding replicas [] and removing replicas [] . Previous leader None and previous leader epoch was -1. (state.change.logger)
[2025-04-25 21:35:03,171] INFO [Broker id=0] Leader __consumer_offsets-35 with topic id Some(0HxKX5iOQH25f30b7hKMtQ) starts at leader epoch 0 from offset 0 with partition epoch 0, high watermark 0, ISR [0], adding replicas [] and removing replicas [] . Previous leader None and previous leader epoch was -1. (state.change.logger)
[2025-04-25 21:35:03,176] INFO [Broker id=0] Leader __consumer_offsets-5 with topic id Some(0HxKX5iOQH25f30b7hKMtQ) starts at leader epoch 0 from offset 0 with partition epoch 0, high watermark 0, ISR [0], adding replicas [] and removing replicas [] . Previous leader None and previous leader epoch was -1. (state.change.logger)
[2025-04-25 21:35:03,182] INFO [Broker id=0] Leader __consumer_offsets-20 with topic id Some(0HxKX5iOQH25f30b7hKMtQ) starts at leader epoch 0 from offset 0 with partition epoch 0, high watermark 0, ISR [0], adding replicas [] and removing replicas [] . Previous leader None and previous leader epoch was -1. (state.change.logger)
[2025-04-25 21:35:03,186] INFO [Broker id=0] Leader __consumer_offsets-27 with topic id Some(0HxKX5iOQH25f30b7hKMtQ) starts at leader epoch 0 from offset 0 with partition epoch 0, high watermark 0, ISR [0], adding replicas [] and removing replicas [] . Previous leader None and previous leader epoch was -1. (state.change.logger)
[2025-04-25 21:35:03,191] INFO [Broker id=0] Leader __consumer_offsets-42 with topic id Some(0HxKX5iOQH25f30b7hKMtQ) starts at leader epoch 0 from offset 0 with partition epoch 0, high watermark 0, ISR [0], adding replicas [] and removing replicas [] . Previous leader None and previous leader epoch was -1. (state.change.logger)
[2025-04-25 21:35:03,195] INFO [Broker id=0] Leader __consumer_offsets-12 with topic id Some(0HxKX5iOQH25f30b7hKMtQ) starts at leader epoch 0 from offset 0 with partition epoch 0, high watermark 0, ISR [0], adding replicas [] and removing replicas [] . Previous leader None and previous leader epoch was -1. (state.change.logger)
[2025-04-25 21:35:03,200] INFO [Broker id=0] Leader __consumer_offsets-21 with topic id Some(0HxKX5iOQH25f30b7hKMtQ) starts at leader epoch 0 from offset 0 with partition epoch 0, high watermark 0, ISR [0], adding replicas [] and removing replicas [] . Previous leader None and previous leader epoch was -1. (state.change.logger)
[2025-04-25 21:35:03,205] INFO [Broker id=0] Leader __consumer_offsets-36 with topic id Some(0HxKX5iOQH25f30b7hKMtQ) starts at leader epoch 0 from offset 0 with partition epoch 0, high watermark 0, ISR [0], adding replicas [] and removing replicas [] . Previous leader None and previous leader epoch was -1. (state.change.logger)
[2025-04-25 21:35:03,210] INFO [Broker id=0] Leader __consumer_offsets-6 with topic id Some(0HxKX5iOQH25f30b7hKMtQ) starts at leader epoch 0 from offset 0 with partition epoch 0, high watermark 0, ISR [0], adding replicas [] and removing replicas [] . Previous leader None and previous leader epoch was -1. (state.change.logger)
[2025-04-25 21:35:03,216] INFO [Broker id=0] Leader __consumer_offsets-43 with topic id Some(0HxKX5iOQH25f30b7hKMtQ) starts at leader epoch 0 from offset 0 with partition epoch 0, high watermark 0, ISR [0], adding replicas [] and removing replicas [] . Previous leader None and previous leader epoch was -1. (state.change.logger)
[2025-04-25 21:35:03,220] INFO [Broker id=0] Leader __consumer_offsets-13 with topic id Some(0HxKX5iOQH25f30b7hKMtQ) starts at leader epoch 0 from offset 3 with partition epoch 0, high watermark 3, ISR [0], adding replicas [] and removing replicas [] . Previous leader None and previous leader epoch was -1. (state.change.logger)
[2025-04-25 21:35:03,220] INFO [Broker id=0] Leader __consumer_offsets-28 with topic id Some(0HxKX5iOQH25f30b7hKMtQ) starts at leader epoch 0 from offset 0 with partition epoch 0, high watermark 0, ISR [0], adding replicas [] and removing replicas [] . Previous leader None and previous leader epoch was -1. (state.change.logger)
[2025-04-25 21:35:03,236] INFO [Broker id=0] Finished LeaderAndIsr request in 243ms correlationId 1 from controller 0 for 50 partitions (state.change.logger)
[2025-04-25 21:35:03,243] INFO [Broker id=0] Add 50 partitions and deleted 0 partitions from metadata cache in response to UpdateMetadata request sent by controller 0 epoch 3 with correlation id 2 (state.change.logger)
[2025-04-25 21:35:20,210] INFO [Controller id=0 epoch=3] Changed partition stock_data-0 state from NonExistentPartition to NewPartition with assigned replicas 0 (state.change.logger)
[2025-04-25 21:35:20,210] INFO [Controller id=0 epoch=3] Sending UpdateMetadata request to brokers HashSet() for 0 partitions (state.change.logger)
[2025-04-25 21:35:20,210] INFO [Controller id=0 epoch=3] Sending UpdateMetadata request to brokers HashSet() for 0 partitions (state.change.logger)
[2025-04-25 21:35:20,230] INFO [Controller id=0 epoch=3] Changed partition stock_data-0 from NewPartition to OnlinePartition with state LeaderAndIsr(leader=0, leaderEpoch=0, isrWithBrokerEpoch=List(BrokerState(brokerId=0, brokerEpoch=-1)), leaderRecoveryState=RECOVERED, partitionEpoch=0) (state.change.logger)
[2025-04-25 21:35:20,230] INFO [Controller id=0 epoch=3] Sending LeaderAndIsr request to broker 0 with 1 become-leader and 0 become-follower partitions (state.change.logger)
[2025-04-25 21:35:20,230] INFO [Controller id=0 epoch=3] Sending UpdateMetadata request to brokers HashSet(0) for 1 partitions (state.change.logger)
[2025-04-25 21:35:20,230] INFO [Controller id=0 epoch=3] Sending UpdateMetadata request to brokers HashSet() for 0 partitions (state.change.logger)
[2025-04-25 21:35:20,230] INFO [Broker id=0] Handling LeaderAndIsr request correlationId 3 from controller 0 for 1 partitions (state.change.logger)
[2025-04-25 21:35:20,231] INFO [Broker id=0] Stopped fetchers as part of LeaderAndIsr request correlationId 3 from controller 0 epoch 3 as part of the become-leader transition for 1 partitions (state.change.logger)
[2025-04-25 21:35:20,235] INFO [Broker id=0] Leader stock_data-0 with topic id Some(cGdVudTRTeuolDsOfigWQg) starts at leader epoch 0 from offset 0 with partition epoch 0, high watermark 0, ISR [0], adding replicas [] and removing replicas [] . Previous leader None and previous leader epoch was -1. (state.change.logger)
[2025-04-25 21:35:20,244] INFO [Broker id=0] Finished LeaderAndIsr request in 14ms correlationId 3 from controller 0 for 1 partitions (state.change.logger)
[2025-04-25 21:35:20,245] INFO [Broker id=0] Add 1 partitions and deleted 0 partitions from metadata cache in response to UpdateMetadata request sent by controller 0 epoch 3 with correlation id 4 (state.change.logger)
[2025-04-25 21:43:17,433] INFO [Controller id=0 epoch=3] Sending UpdateMetadata request to brokers HashSet() for 0 partitions (state.change.logger)
[2025-04-25 21:44:43,312] INFO [Controller id=0 epoch=4] Sending UpdateMetadata request to brokers HashSet(0) for 0 partitions (state.change.logger)
[2025-04-25 21:44:43,335] INFO [Controller id=0 epoch=4] Sending LeaderAndIsr request to broker 0 with 51 become-leader and 0 become-follower partitions (state.change.logger)
[2025-04-25 21:44:43,336] INFO [Controller id=0 epoch=4] Sending UpdateMetadata request to brokers HashSet(0) for 51 partitions (state.change.logger)
[2025-04-25 21:44:43,470] INFO [Broker id=0] Handling LeaderAndIsr request correlationId 1 from controller 0 for 51 partitions (state.change.logger)
[2025-04-25 21:44:43,483] INFO [Broker id=0] Stopped fetchers as part of LeaderAndIsr request correlationId 1 from controller 0 epoch 4 as part of the become-leader transition for 51 partitions (state.change.logger)
[2025-04-25 21:44:43,488] INFO [Broker id=0] Leader __consumer_offsets-3 with topic id Some(0HxKX5iOQH25f30b7hKMtQ) starts at leader epoch 0 from offset 0 with partition epoch 0, high watermark 0, ISR [0], adding replicas [] and removing replicas [] . Previous leader None and previous leader epoch was -1. (state.change.logger)
[2025-04-25 21:44:43,495] INFO [Broker id=0] Leader __consumer_offsets-18 with topic id Some(0HxKX5iOQH25f30b7hKMtQ) starts at leader epoch 0 from offset 0 with partition epoch 0, high watermark 0, ISR [0], adding replicas [] and removing replicas [] . Previous leader None and previous leader epoch was -1. (state.change.logger)
[2025-04-25 21:44:43,501] INFO [Broker id=0] Leader __consumer_offsets-41 with topic id Some(0HxKX5iOQH25f30b7hKMtQ) starts at leader epoch 0 from offset 0 with partition epoch 0, high watermark 0, ISR [0], adding replicas [] and removing replicas [] . Previous leader None and previous leader epoch was -1. (state.change.logger)
[2025-04-25 21:44:43,505] INFO [Broker id=0] Leader __consumer_offsets-10 with topic id Some(0HxKX5iOQH25f30b7hKMtQ) starts at leader epoch 0 from offset 0 with partition epoch 0, high watermark 0, ISR [0], adding replicas [] and removing replicas [] . Previous leader None and previous leader epoch was -1. (state.change.logger)
[2025-04-25 21:44:43,511] INFO [Broker id=0] Leader __consumer_offsets-33 with topic id Some(0HxKX5iOQH25f30b7hKMtQ) starts at leader epoch 0 from offset 0 with partition epoch 0, high watermark 0, ISR [0], adding replicas [] and removing replicas [] . Previous leader None and previous leader epoch was -1. (state.change.logger)
[2025-04-25 21:44:43,515] INFO [Broker id=0] Leader __consumer_offsets-48 with topic id Some(0HxKX5iOQH25f30b7hKMtQ) starts at leader epoch 0 from offset 0 with partition epoch 0, high watermark 0, ISR [0], adding replicas [] and removing replicas [] . Previous leader None and previous leader epoch was -1. (state.change.logger)
[2025-04-25 21:44:43,520] INFO [Broker id=0] Leader __consumer_offsets-19 with topic id Some(0HxKX5iOQH25f30b7hKMtQ) starts at leader epoch 0 from offset 0 with partition epoch 0, high watermark 0, ISR [0], adding replicas [] and removing replicas [] . Previous leader None and previous leader epoch was -1. (state.change.logger)
[2025-04-25 21:44:43,526] INFO [Broker id=0] Leader __consumer_offsets-34 with topic id Some(0HxKX5iOQH25f30b7hKMtQ) starts at leader epoch 0 from offset 0 with partition epoch 0, high watermark 0, ISR [0], adding replicas [] and removing replicas [] . Previous leader None and previous leader epoch was -1. (state.change.logger)
[2025-04-25 21:44:43,531] INFO [Broker id=0] Leader __consumer_offsets-4 with topic id Some(0HxKX5iOQH25f30b7hKMtQ) starts at leader epoch 0 from offset 0 with partition epoch 0, high watermark 0, ISR [0], adding replicas [] and removing replicas [] . Previous leader None and previous leader epoch was -1. (state.change.logger)
[2025-04-25 21:44:43,537] INFO [Broker id=0] Leader __consumer_offsets-11 with topic id Some(0HxKX5iOQH25f30b7hKMtQ) starts at leader epoch 0 from offset 0 with partition epoch 0, high watermark 0, ISR [0], adding replicas [] and removing replicas [] . Previous leader None and previous leader epoch was -1. (state.change.logger)
[2025-04-25 21:44:43,543] INFO [Broker id=0] Leader __consumer_offsets-26 with topic id Some(0HxKX5iOQH25f30b7hKMtQ) starts at leader epoch 0 from offset 3 with partition epoch 0, high watermark 3, ISR [0], adding replicas [] and removing replicas [] . Previous leader None and previous leader epoch was -1. (state.change.logger)
[2025-04-25 21:44:43,544] INFO [Broker id=0] Leader __consumer_offsets-49 with topic id Some(0HxKX5iOQH25f30b7hKMtQ) starts at leader epoch 0 from offset 68 with partition epoch 0, high watermark 68, ISR [0], adding replicas [] and removing replicas [] . Previous leader None and previous leader epoch was -1. (state.change.logger)
[2025-04-25 21:44:43,544] INFO [Broker id=0] Leader __consumer_offsets-39 with topic id Some(0HxKX5iOQH25f30b7hKMtQ) starts at leader epoch 0 from offset 0 with partition epoch 0, high watermark 0, ISR [0], adding replicas [] and removing replicas [] . Previous leader None and previous leader epoch was -1. (state.change.logger)
[2025-04-25 21:44:43,549] INFO [Broker id=0] Leader __consumer_offsets-9 with topic id Some(0HxKX5iOQH25f30b7hKMtQ) starts at leader epoch 0 from offset 0 with partition epoch 0, high watermark 0, ISR [0], adding replicas [] and removing replicas [] . Previous leader None and previous leader epoch was -1. (state.change.logger)
[2025-04-25 21:44:43,562] INFO [Broker id=0] Leader __consumer_offsets-24 with topic id Some(0HxKX5iOQH25f30b7hKMtQ) starts at leader epoch 0 from offset 0 with partition epoch 0, high watermark 0, ISR [0], adding replicas [] and removing replicas [] . Previous leader None and previous leader epoch was -1. (state.change.logger)
[2025-04-25 21:44:43,571] INFO [Broker id=0] Leader __consumer_offsets-31 with topic id Some(0HxKX5iOQH25f30b7hKMtQ) starts at leader epoch 0 from offset 0 with partition epoch 0, high watermark 0, ISR [0], adding replicas [] and removing replicas [] . Previous leader None and previous leader epoch was -1. (state.change.logger)
[2025-04-25 21:44:43,576] INFO [Broker id=0] Leader __consumer_offsets-46 with topic id Some(0HxKX5iOQH25f30b7hKMtQ) starts at leader epoch 0 from offset 0 with partition epoch 0, high watermark 0, ISR [0], adding replicas [] and removing replicas [] . Previous leader None and previous leader epoch was -1. (state.change.logger)
[2025-04-25 21:44:43,581] INFO [Broker id=0] Leader __consumer_offsets-1 with topic id Some(0HxKX5iOQH25f30b7hKMtQ) starts at leader epoch 0 from offset 3 with partition epoch 0, high watermark 3, ISR [0], adding replicas [] and removing replicas [] . Previous leader None and previous leader epoch was -1. (state.change.logger)
[2025-04-25 21:44:43,582] INFO [Broker id=0] Leader __consumer_offsets-16 with topic id Some(0HxKX5iOQH25f30b7hKMtQ) starts at leader epoch 0 from offset 0 with partition epoch 0, high watermark 0, ISR [0], adding replicas [] and removing replicas [] . Previous leader None and previous leader epoch was -1. (state.change.logger)
[2025-04-25 21:44:43,587] INFO [Broker id=0] Leader __consumer_offsets-2 with topic id Some(0HxKX5iOQH25f30b7hKMtQ) starts at leader epoch 0 from offset 0 with partition epoch 0, high watermark 0, ISR [0], adding replicas [] and removing replicas [] . Previous leader None and previous leader epoch was -1. (state.change.logger)
[2025-04-25 21:44:43,593] INFO [Broker id=0] Leader __consumer_offsets-25 with topic id Some(0HxKX5iOQH25f30b7hKMtQ) starts at leader epoch 0 from offset 0 with partition epoch 0, high watermark 0, ISR [0], adding replicas [] and removing replicas [] . Previous leader None and previous leader epoch was -1. (state.change.logger)
[2025-04-25 21:44:43,599] INFO [Broker id=0] Leader __consumer_offsets-40 with topic id Some(0HxKX5iOQH25f30b7hKMtQ) starts at leader epoch 0 from offset 0 with partition epoch 0, high watermark 0, ISR [0], adding replicas [] and removing replicas [] . Previous leader None and previous leader epoch was -1. (state.change.logger)
[2025-04-25 21:44:43,602] INFO [Broker id=0] Leader __consumer_offsets-47 with topic id Some(0HxKX5iOQH25f30b7hKMtQ) starts at leader epoch 0 from offset 0 with partition epoch 0, high watermark 0, ISR [0], adding replicas [] and removing replicas [] . Previous leader None and previous leader epoch was -1. (state.change.logger)
[2025-04-25 21:44:43,607] INFO [Broker id=0] Leader __consumer_offsets-17 with topic id Some(0HxKX5iOQH25f30b7hKMtQ) starts at leader epoch 0 from offset 0 with partition epoch 0, high watermark 0, ISR [0], adding replicas [] and removing replicas [] . Previous leader None and previous leader epoch was -1. (state.change.logger)
[2025-04-25 21:44:43,613] INFO [Broker id=0] Leader __consumer_offsets-32 with topic id Some(0HxKX5iOQH25f30b7hKMtQ) starts at leader epoch 0 from offset 0 with partition epoch 0, high watermark 0, ISR [0], adding replicas [] and removing replicas [] . Previous leader None and previous leader epoch was -1. (state.change.logger)
[2025-04-25 21:44:43,618] INFO [Broker id=0] Leader __consumer_offsets-37 with topic id Some(0HxKX5iOQH25f30b7hKMtQ) starts at leader epoch 0 from offset 0 with partition epoch 0, high watermark 0, ISR [0], adding replicas [] and removing replicas [] . Previous leader None and previous leader epoch was -1. (state.change.logger)
[2025-04-25 21:44:43,623] INFO [Broker id=0] Leader __consumer_offsets-7 with topic id Some(0HxKX5iOQH25f30b7hKMtQ) starts at leader epoch 0 from offset 0 with partition epoch 0, high watermark 0, ISR [0], adding replicas [] and removing replicas [] . Previous leader None and previous leader epoch was -1. (state.change.logger)
[2025-04-25 21:44:43,630] INFO [Broker id=0] Leader __consumer_offsets-22 with topic id Some(0HxKX5iOQH25f30b7hKMtQ) starts at leader epoch 0 from offset 0 with partition epoch 0, high watermark 0, ISR [0], adding replicas [] and removing replicas [] . Previous leader None and previous leader epoch was -1. (state.change.logger)
[2025-04-25 21:44:43,635] INFO [Broker id=0] Leader __consumer_offsets-29 with topic id Some(0HxKX5iOQH25f30b7hKMtQ) starts at leader epoch 0 from offset 0 with partition epoch 0, high watermark 0, ISR [0], adding replicas [] and removing replicas [] . Previous leader None and previous leader epoch was -1. (state.change.logger)
[2025-04-25 21:44:43,641] INFO [Broker id=0] Leader __consumer_offsets-44 with topic id Some(0HxKX5iOQH25f30b7hKMtQ) starts at leader epoch 0 from offset 0 with partition epoch 0, high watermark 0, ISR [0], adding replicas [] and removing replicas [] . Previous leader None and previous leader epoch was -1. (state.change.logger)
[2025-04-25 21:44:43,646] INFO [Broker id=0] Leader __consumer_offsets-14 with topic id Some(0HxKX5iOQH25f30b7hKMtQ) starts at leader epoch 0 from offset 0 with partition epoch 0, high watermark 0, ISR [0], adding replicas [] and removing replicas [] . Previous leader None and previous leader epoch was -1. (state.change.logger)
[2025-04-25 21:44:43,652] INFO [Broker id=0] Leader __consumer_offsets-23 with topic id Some(0HxKX5iOQH25f30b7hKMtQ) starts at leader epoch 0 from offset 0 with partition epoch 0, high watermark 0, ISR [0], adding replicas [] and removing replicas [] . Previous leader None and previous leader epoch was -1. (state.change.logger)
[2025-04-25 21:44:43,658] INFO [Broker id=0] Leader __consumer_offsets-38 with topic id Some(0HxKX5iOQH25f30b7hKMtQ) starts at leader epoch 0 from offset 0 with partition epoch 0, high watermark 0, ISR [0], adding replicas [] and removing replicas [] . Previous leader None and previous leader epoch was -1. (state.change.logger)
[2025-04-25 21:44:43,664] INFO [Broker id=0] Leader __consumer_offsets-8 with topic id Some(0HxKX5iOQH25f30b7hKMtQ) starts at leader epoch 0 from offset 0 with partition epoch 0, high watermark 0, ISR [0], adding replicas [] and removing replicas [] . Previous leader None and previous leader epoch was -1. (state.change.logger)
[2025-04-25 21:44:43,669] INFO [Broker id=0] Leader __consumer_offsets-45 with topic id Some(0HxKX5iOQH25f30b7hKMtQ) starts at leader epoch 0 from offset 3 with partition epoch 0, high watermark 3, ISR [0], adding replicas [] and removing replicas [] . Previous leader None and previous leader epoch was -1. (state.change.logger)
[2025-04-25 21:44:43,670] INFO [Broker id=0] Leader __consumer_offsets-15 with topic id Some(0HxKX5iOQH25f30b7hKMtQ) starts at leader epoch 0 from offset 3 with partition epoch 0, high watermark 3, ISR [0], adding replicas [] and removing replicas [] . Previous leader None and previous leader epoch was -1. (state.change.logger)
[2025-04-25 21:44:43,670] INFO [Broker id=0] Leader __consumer_offsets-30 with topic id Some(0HxKX5iOQH25f30b7hKMtQ) starts at leader epoch 0 from offset 0 with partition epoch 0, high watermark 0, ISR [0], adding replicas [] and removing replicas [] . Previous leader None and previous leader epoch was -1. (state.change.logger)
[2025-04-25 21:44:43,676] INFO [Broker id=0] Leader __consumer_offsets-0 with topic id Some(0HxKX5iOQH25f30b7hKMtQ) starts at leader epoch 0 from offset 0 with partition epoch 0, high watermark 0, ISR [0], adding replicas [] and removing replicas [] . Previous leader None and previous leader epoch was -1. (state.change.logger)
[2025-04-25 21:44:43,682] INFO [Broker id=0] Leader __consumer_offsets-35 with topic id Some(0HxKX5iOQH25f30b7hKMtQ) starts at leader epoch 0 from offset 0 with partition epoch 0, high watermark 0, ISR [0], adding replicas [] and removing replicas [] . Previous leader None and previous leader epoch was -1. (state.change.logger)
[2025-04-25 21:44:43,687] INFO [Broker id=0] Leader __consumer_offsets-5 with topic id Some(0HxKX5iOQH25f30b7hKMtQ) starts at leader epoch 0 from offset 0 with partition epoch 0, high watermark 0, ISR [0], adding replicas [] and removing replicas [] . Previous leader None and previous leader epoch was -1. (state.change.logger)
[2025-04-25 21:44:43,693] INFO [Broker id=0] Leader __consumer_offsets-20 with topic id Some(0HxKX5iOQH25f30b7hKMtQ) starts at leader epoch 0 from offset 0 with partition epoch 0, high watermark 0, ISR [0], adding replicas [] and removing replicas [] . Previous leader None and previous leader epoch was -1. (state.change.logger)
[2025-04-25 21:44:43,698] INFO [Broker id=0] Leader __consumer_offsets-27 with topic id Some(0HxKX5iOQH25f30b7hKMtQ) starts at leader epoch 0 from offset 0 with partition epoch 0, high watermark 0, ISR [0], adding replicas [] and removing replicas [] . Previous leader None and previous leader epoch was -1. (state.change.logger)
[2025-04-25 21:44:43,703] INFO [Broker id=0] Leader __consumer_offsets-42 with topic id Some(0HxKX5iOQH25f30b7hKMtQ) starts at leader epoch 0 from offset 0 with partition epoch 0, high watermark 0, ISR [0], adding replicas [] and removing replicas [] . Previous leader None and previous leader epoch was -1. (state.change.logger)
[2025-04-25 21:44:43,709] INFO [Broker id=0] Leader __consumer_offsets-12 with topic id Some(0HxKX5iOQH25f30b7hKMtQ) starts at leader epoch 0 from offset 0 with partition epoch 0, high watermark 0, ISR [0], adding replicas [] and removing replicas [] . Previous leader None and previous leader epoch was -1. (state.change.logger)
[2025-04-25 21:44:43,713] INFO [Broker id=0] Leader __consumer_offsets-21 with topic id Some(0HxKX5iOQH25f30b7hKMtQ) starts at leader epoch 0 from offset 1 with partition epoch 0, high watermark 1, ISR [0], adding replicas [] and removing replicas [] . Previous leader None and previous leader epoch was -1. (state.change.logger)
[2025-04-25 21:44:43,714] INFO [Broker id=0] Leader __consumer_offsets-36 with topic id Some(0HxKX5iOQH25f30b7hKMtQ) starts at leader epoch 0 from offset 0 with partition epoch 0, high watermark 0, ISR [0], adding replicas [] and removing replicas [] . Previous leader None and previous leader epoch was -1. (state.change.logger)
[2025-04-25 21:44:43,719] INFO [Broker id=0] Leader __consumer_offsets-6 with topic id Some(0HxKX5iOQH25f30b7hKMtQ) starts at leader epoch 0 from offset 0 with partition epoch 0, high watermark 0, ISR [0], adding replicas [] and removing replicas [] . Previous leader None and previous leader epoch was -1. (state.change.logger)
[2025-04-25 21:44:43,723] INFO [Broker id=0] Leader __consumer_offsets-43 with topic id Some(0HxKX5iOQH25f30b7hKMtQ) starts at leader epoch 0 from offset 0 with partition epoch 0, high watermark 0, ISR [0], adding replicas [] and removing replicas [] . Previous leader None and previous leader epoch was -1. (state.change.logger)
[2025-04-25 21:44:43,728] INFO [Broker id=0] Leader stock_data-0 with topic id Some(cGdVudTRTeuolDsOfigWQg) starts at leader epoch 0 from offset 80 with partition epoch 0, high watermark 80, ISR [0], adding replicas [] and removing replicas [] . Previous leader None and previous leader epoch was -1. (state.change.logger)
[2025-04-25 21:44:43,729] INFO [Broker id=0] Leader __consumer_offsets-13 with topic id Some(0HxKX5iOQH25f30b7hKMtQ) starts at leader epoch 0 from offset 3 with partition epoch 0, high watermark 3, ISR [0], adding replicas [] and removing replicas [] . Previous leader None and previous leader epoch was -1. (state.change.logger)
[2025-04-25 21:44:43,729] INFO [Broker id=0] Leader __consumer_offsets-28 with topic id Some(0HxKX5iOQH25f30b7hKMtQ) starts at leader epoch 0 from offset 0 with partition epoch 0, high watermark 0, ISR [0], adding replicas [] and removing replicas [] . Previous leader None and previous leader epoch was -1. (state.change.logger)
[2025-04-25 21:44:43,747] INFO [Broker id=0] Finished LeaderAndIsr request in 277ms correlationId 1 from controller 0 for 51 partitions (state.change.logger)
[2025-04-25 21:44:43,753] INFO [Broker id=0] Add 51 partitions and deleted 0 partitions from metadata cache in response to UpdateMetadata request sent by controller 0 epoch 4 with correlation id 2 (state.change.logger)
[2025-04-25 21:44:56,195] INFO [Controller id=0 epoch=4] Sending UpdateMetadata request to brokers HashSet() for 0 partitions (state.change.logger)
[2025-04-25 21:44:56,195] INFO [Controller id=0 epoch=4] Sending UpdateMetadata request to brokers HashSet() for 0 partitions (state.change.logger)
[2025-04-25 21:44:56,195] INFO [Controller id=0 epoch=4] Sending UpdateMetadata request to brokers HashSet(0) for 1 partitions (state.change.logger)
[2025-04-25 21:44:56,197] INFO [Broker id=0] Add 0 partitions and deleted 1 partitions from metadata cache in response to UpdateMetadata request sent by controller 0 epoch 4 with correlation id 3 (state.change.logger)
[2025-04-25 21:44:56,207] INFO [Controller id=0 epoch=4] Partition stock_data-0 state changed to (Leader:-1,ISR:0,LeaderRecoveryState:RECOVERED,LeaderEpoch:1,ZkVersion:1,ControllerEpoch:4) after removing replica 0 from the ISR as part of transition to OfflineReplica (state.change.logger)
[2025-04-25 21:44:56,208] INFO [Controller id=0 epoch=4] Sending UpdateMetadata request to brokers HashSet() for 0 partitions (state.change.logger)
[2025-04-25 21:44:56,209] INFO [Controller id=0 epoch=4] Sending StopReplica request for 1 replicas to broker 0 (state.change.logger)
[2025-04-25 21:44:56,210] INFO [Controller id=0 epoch=4] Sending UpdateMetadata request to brokers HashSet() for 0 partitions (state.change.logger)
[2025-04-25 21:44:56,210] INFO [Controller id=0 epoch=4] Sending StopReplica request for 1 replicas to broker 0 (state.change.logger)
[2025-04-25 21:44:56,211] INFO [Broker id=0] Handling StopReplica request correlationId 4 from controller 0 for 1 partitions (state.change.logger)
[2025-04-25 21:44:56,216] INFO [Broker id=0] Handling StopReplica request correlationId 5 from controller 0 for 1 partitions (state.change.logger)
[2025-04-25 21:44:56,245] INFO [Controller id=0 epoch=4] Sending UpdateMetadata request to brokers HashSet() for 0 partitions (state.change.logger)
[2025-04-25 21:44:56,246] INFO [Controller id=0 epoch=4] Sending UpdateMetadata request to brokers HashSet() for 0 partitions (state.change.logger)
[2025-04-25 21:45:00,137] INFO [Controller id=0 epoch=4] Changed partition stock_data-0 state from NonExistentPartition to NewPartition with assigned replicas 0 (state.change.logger)
[2025-04-25 21:45:00,137] INFO [Controller id=0 epoch=4] Sending UpdateMetadata request to brokers HashSet() for 0 partitions (state.change.logger)
[2025-04-25 21:45:00,138] INFO [Controller id=0 epoch=4] Sending UpdateMetadata request to brokers HashSet() for 0 partitions (state.change.logger)
[2025-04-25 21:45:00,155] INFO [Controller id=0 epoch=4] Changed partition stock_data-0 from NewPartition to OnlinePartition with state LeaderAndIsr(leader=0, leaderEpoch=0, isrWithBrokerEpoch=List(BrokerState(brokerId=0, brokerEpoch=-1)), leaderRecoveryState=RECOVERED, partitionEpoch=0) (state.change.logger)
[2025-04-25 21:45:00,155] INFO [Controller id=0 epoch=4] Sending LeaderAndIsr request to broker 0 with 1 become-leader and 0 become-follower partitions (state.change.logger)
[2025-04-25 21:45:00,155] INFO [Controller id=0 epoch=4] Sending UpdateMetadata request to brokers HashSet(0) for 1 partitions (state.change.logger)
[2025-04-25 21:45:00,155] INFO [Controller id=0 epoch=4] Sending UpdateMetadata request to brokers HashSet() for 0 partitions (state.change.logger)
[2025-04-25 21:45:00,155] INFO [Broker id=0] Handling LeaderAndIsr request correlationId 6 from controller 0 for 1 partitions (state.change.logger)
[2025-04-25 21:45:00,155] INFO [Broker id=0] Stopped fetchers as part of LeaderAndIsr request correlationId 6 from controller 0 epoch 4 as part of the become-leader transition for 1 partitions (state.change.logger)
[2025-04-25 21:45:00,160] INFO [Broker id=0] Leader stock_data-0 with topic id Some(t3DP60HPQPG63IhFHh1miQ) starts at leader epoch 0 from offset 0 with partition epoch 0, high watermark 0, ISR [0], adding replicas [] and removing replicas [] . Previous leader None and previous leader epoch was -1. (state.change.logger)
[2025-04-25 21:45:00,168] INFO [Broker id=0] Finished LeaderAndIsr request in 13ms correlationId 6 from controller 0 for 1 partitions (state.change.logger)
[2025-04-25 21:45:00,169] INFO [Broker id=0] Add 1 partitions and deleted 0 partitions from metadata cache in response to UpdateMetadata request sent by controller 0 epoch 4 with correlation id 7 (state.change.logger)
[2025-04-25 21:51:29,176] INFO [Controller id=0 epoch=4] Sending UpdateMetadata request to brokers HashSet() for 0 partitions (state.change.logger)
[2025-04-25 21:51:29,176] INFO [Controller id=0 epoch=4] Sending UpdateMetadata request to brokers HashSet() for 0 partitions (state.change.logger)
[2025-04-25 21:51:29,176] INFO [Controller id=0 epoch=4] Sending UpdateMetadata request to brokers HashSet(0) for 1 partitions (state.change.logger)
[2025-04-25 21:51:29,177] INFO [Broker id=0] Add 0 partitions and deleted 1 partitions from metadata cache in response to UpdateMetadata request sent by controller 0 epoch 4 with correlation id 8 (state.change.logger)
[2025-04-25 21:51:29,187] INFO [Controller id=0 epoch=4] Partition stock_data-0 state changed to (Leader:-1,ISR:0,LeaderRecoveryState:RECOVERED,LeaderEpoch:1,ZkVersion:1,ControllerEpoch:4) after removing replica 0 from the ISR as part of transition to OfflineReplica (state.change.logger)
[2025-04-25 21:51:29,187] INFO [Controller id=0 epoch=4] Sending UpdateMetadata request to brokers HashSet() for 0 partitions (state.change.logger)
[2025-04-25 21:51:29,187] INFO [Controller id=0 epoch=4] Sending StopReplica request for 1 replicas to broker 0 (state.change.logger)
[2025-04-25 21:51:29,187] INFO [Controller id=0 epoch=4] Sending UpdateMetadata request to brokers HashSet() for 0 partitions (state.change.logger)
[2025-04-25 21:51:29,187] INFO [Controller id=0 epoch=4] Sending StopReplica request for 1 replicas to broker 0 (state.change.logger)
[2025-04-25 21:51:29,188] INFO [Broker id=0] Handling StopReplica request correlationId 9 from controller 0 for 1 partitions (state.change.logger)
[2025-04-25 21:51:29,188] INFO [Broker id=0] Handling StopReplica request correlationId 10 from controller 0 for 1 partitions (state.change.logger)
[2025-04-25 21:51:29,208] INFO [Controller id=0 epoch=4] Sending UpdateMetadata request to brokers HashSet() for 0 partitions (state.change.logger)
[2025-04-25 21:51:29,208] INFO [Controller id=0 epoch=4] Sending UpdateMetadata request to brokers HashSet() for 0 partitions (state.change.logger)
[2025-04-25 21:51:35,920] INFO [Controller id=0 epoch=4] Changed partition stock_data-0 state from NonExistentPartition to NewPartition with assigned replicas 0 (state.change.logger)
[2025-04-25 21:51:35,920] INFO [Controller id=0 epoch=4] Sending UpdateMetadata request to brokers HashSet() for 0 partitions (state.change.logger)
[2025-04-25 21:51:35,920] INFO [Controller id=0 epoch=4] Sending UpdateMetadata request to brokers HashSet() for 0 partitions (state.change.logger)
[2025-04-25 21:51:35,935] INFO [Controller id=0 epoch=4] Changed partition stock_data-0 from NewPartition to OnlinePartition with state LeaderAndIsr(leader=0, leaderEpoch=0, isrWithBrokerEpoch=List(BrokerState(brokerId=0, brokerEpoch=-1)), leaderRecoveryState=RECOVERED, partitionEpoch=0) (state.change.logger)
[2025-04-25 21:51:35,935] INFO [Controller id=0 epoch=4] Sending LeaderAndIsr request to broker 0 with 1 become-leader and 0 become-follower partitions (state.change.logger)
[2025-04-25 21:51:35,935] INFO [Controller id=0 epoch=4] Sending UpdateMetadata request to brokers HashSet(0) for 1 partitions (state.change.logger)
[2025-04-25 21:51:35,936] INFO [Controller id=0 epoch=4] Sending UpdateMetadata request to brokers HashSet() for 0 partitions (state.change.logger)
[2025-04-25 21:51:35,936] INFO [Broker id=0] Handling LeaderAndIsr request correlationId 11 from controller 0 for 1 partitions (state.change.logger)
[2025-04-25 21:51:35,936] INFO [Broker id=0] Stopped fetchers as part of LeaderAndIsr request correlationId 11 from controller 0 epoch 4 as part of the become-leader transition for 1 partitions (state.change.logger)
[2025-04-25 21:51:35,941] INFO [Broker id=0] Leader stock_data-0 with topic id Some(DwT7T_-OT3ylppN4TuritA) starts at leader epoch 0 from offset 0 with partition epoch 0, high watermark 0, ISR [0], adding replicas [] and removing replicas [] . Previous leader None and previous leader epoch was -1. (state.change.logger)
[2025-04-25 21:51:35,949] INFO [Broker id=0] Finished LeaderAndIsr request in 13ms correlationId 11 from controller 0 for 1 partitions (state.change.logger)
[2025-04-25 21:51:35,950] INFO [Broker id=0] Add 1 partitions and deleted 0 partitions from metadata cache in response to UpdateMetadata request sent by controller 0 epoch 4 with correlation id 12 (state.change.logger)
